Archive member included to satisfy reference by file (symbol)

c:/progra~2/gnuarm~1/102021~1.10/bin/../lib/gcc/arm-none-eabi/10.3.1/thumb/v6-m/nofp\libgcc.a(_dvmd_tls.o)
                              CMakeFiles/Blinky.dir/C_/Users/banna/pico/pico-sdk/src/rp2_common/pico_divider/divider_hardware.S.obj (__aeabi_idiv0)
c:/progra~2/gnuarm~1/102021~1.10/bin/../lib/gcc/arm-none-eabi/10.3.1/../../../../arm-none-eabi/lib/thumb/v6-m/nofp\libg.a(lib_a-calloc.o)
                              CMakeFiles/Blinky.dir/C_/Users/banna/pico/pico-sdk/src/rp2_common/pico_malloc/malloc.c.obj (calloc)
c:/progra~2/gnuarm~1/102021~1.10/bin/../lib/gcc/arm-none-eabi/10.3.1/../../../../arm-none-eabi/lib/thumb/v6-m/nofp\libg.a(lib_a-callocr.o)
                              c:/progra~2/gnuarm~1/102021~1.10/bin/../lib/gcc/arm-none-eabi/10.3.1/../../../../arm-none-eabi/lib/thumb/v6-m/nofp\libg.a(lib_a-calloc.o) (_calloc_r)
c:/progra~2/gnuarm~1/102021~1.10/bin/../lib/gcc/arm-none-eabi/10.3.1/../../../../arm-none-eabi/lib/thumb/v6-m/nofp\libg.a(lib_a-errno.o)
                              c:/progra~2/gnuarm~1/102021~1.10/bin/../lib/gcc/arm-none-eabi/10.3.1/../../../../arm-none-eabi/lib/thumb/v6-m/nofp\libg.a(lib_a-callocr.o) (__errno)
c:/progra~2/gnuarm~1/102021~1.10/bin/../lib/gcc/arm-none-eabi/10.3.1/../../../../arm-none-eabi/lib/thumb/v6-m/nofp\libg.a(lib_a-impure.o)
                              c:/progra~2/gnuarm~1/102021~1.10/bin/../lib/gcc/arm-none-eabi/10.3.1/../../../../arm-none-eabi/lib/thumb/v6-m/nofp\libg.a(lib_a-calloc.o) (_impure_ptr)
c:/progra~2/gnuarm~1/102021~1.10/bin/../lib/gcc/arm-none-eabi/10.3.1/../../../../arm-none-eabi/lib/thumb/v6-m/nofp\libg.a(lib_a-init.o)
                              c:/progra~2/gnuarm~1/102021~1.10/bin/../lib/gcc/arm-none-eabi/10.3.1/../../../../arm-none-eabi/lib/thumb/v6-m/nofp/crt0.o (__libc_init_array)
c:/progra~2/gnuarm~1/102021~1.10/bin/../lib/gcc/arm-none-eabi/10.3.1/../../../../arm-none-eabi/lib/thumb/v6-m/nofp\libg.a(lib_a-lcltime_r.o)
                              CMakeFiles/Blinky.dir/C_/Users/banna/pico/pico-sdk/src/common/pico_util/datetime.c.obj (localtime_r)
c:/progra~2/gnuarm~1/102021~1.10/bin/../lib/gcc/arm-none-eabi/10.3.1/../../../../arm-none-eabi/lib/thumb/v6-m/nofp\libg.a(lib_a-malloc.o)
                              CMakeFiles/Blinky.dir/C_/Users/banna/pico/pico-sdk/src/rp2_common/pico_malloc/malloc.c.obj (malloc)
c:/progra~2/gnuarm~1/102021~1.10/bin/../lib/gcc/arm-none-eabi/10.3.1/../../../../arm-none-eabi/lib/thumb/v6-m/nofp\libg.a(lib_a-mallocr.o)
                              c:/progra~2/gnuarm~1/102021~1.10/bin/../lib/gcc/arm-none-eabi/10.3.1/../../../../arm-none-eabi/lib/thumb/v6-m/nofp\libg.a(lib_a-callocr.o) (_malloc_r)
c:/progra~2/gnuarm~1/102021~1.10/bin/../lib/gcc/arm-none-eabi/10.3.1/../../../../arm-none-eabi/lib/thumb/v6-m/nofp\libg.a(lib_a-memcmp.o)
                              CMakeFiles/Blinky.dir/C_/Users/banna/pico/pico-sdk/src/rp2_common/pico_atomic/atomic.c.obj (memcmp)
c:/progra~2/gnuarm~1/102021~1.10/bin/../lib/gcc/arm-none-eabi/10.3.1/../../../../arm-none-eabi/lib/thumb/v6-m/nofp\libg.a(lib_a-mktime.o)
                              CMakeFiles/Blinky.dir/C_/Users/banna/pico/pico-sdk/src/common/pico_util/datetime.c.obj (mktime)
c:/progra~2/gnuarm~1/102021~1.10/bin/../lib/gcc/arm-none-eabi/10.3.1/../../../../arm-none-eabi/lib/thumb/v6-m/nofp\libg.a(lib_a-mlock.o)
                              c:/progra~2/gnuarm~1/102021~1.10/bin/../lib/gcc/arm-none-eabi/10.3.1/../../../../arm-none-eabi/lib/thumb/v6-m/nofp\libg.a(lib_a-mallocr.o) (__malloc_lock)
c:/progra~2/gnuarm~1/102021~1.10/bin/../lib/gcc/arm-none-eabi/10.3.1/../../../../arm-none-eabi/lib/thumb/v6-m/nofp\libg.a(lib_a-month_lengths.o)
                              c:/progra~2/gnuarm~1/102021~1.10/bin/../lib/gcc/arm-none-eabi/10.3.1/../../../../arm-none-eabi/lib/thumb/v6-m/nofp\libg.a(lib_a-lcltime_r.o) (__month_lengths)
c:/progra~2/gnuarm~1/102021~1.10/bin/../lib/gcc/arm-none-eabi/10.3.1/../../../../arm-none-eabi/lib/thumb/v6-m/nofp\libg.a(lib_a-realloc.o)
                              CMakeFiles/Blinky.dir/C_/Users/banna/pico/pico-sdk/src/rp2_common/pico_malloc/malloc.c.obj (realloc)
c:/progra~2/gnuarm~1/102021~1.10/bin/../lib/gcc/arm-none-eabi/10.3.1/../../../../arm-none-eabi/lib/thumb/v6-m/nofp\libg.a(lib_a-reallocr.o)
                              c:/progra~2/gnuarm~1/102021~1.10/bin/../lib/gcc/arm-none-eabi/10.3.1/../../../../arm-none-eabi/lib/thumb/v6-m/nofp\libg.a(lib_a-realloc.o) (_realloc_r)
c:/progra~2/gnuarm~1/102021~1.10/bin/../lib/gcc/arm-none-eabi/10.3.1/../../../../arm-none-eabi/lib/thumb/v6-m/nofp\libg.a(lib_a-sbrkr.o)
                              c:/progra~2/gnuarm~1/102021~1.10/bin/../lib/gcc/arm-none-eabi/10.3.1/../../../../arm-none-eabi/lib/thumb/v6-m/nofp\libg.a(lib_a-mallocr.o) (_sbrk_r)
c:/progra~2/gnuarm~1/102021~1.10/bin/../lib/gcc/arm-none-eabi/10.3.1/../../../../arm-none-eabi/lib/thumb/v6-m/nofp\libg.a(lib_a-strlen-stub.o)
[...]
Memory Configuration

Name             Origin             Length             Attributes
FLASH            0x10000000         0x00200000         xr
RAM              0x20000000         0x00040000         xrw
SCRATCH_X        0x20040000         0x00001000         xrw
SCRATCH_Y        0x20041000         0x00001000         xrw
*default*        0x00000000         0xffffffff

Linker script and memory map

LOAD c:/progra~2/gnuarm~1/102021~1.10/bin/../lib/gcc/arm-none-eabi/10.3.1/thumb/v6-m/nofp/crti.o
LOAD c:/progra~2/gnuarm~1/102021~1.10/bin/../lib/gcc/arm-none-eabi/10.3.1/thumb/v6-m/nofp/crtbegin.o
LOAD c:/progra~2/gnuarm~1/102021~1.10/bin/../lib/gcc/arm-none-eabi/10.3.1/../../../../arm-none-eabi/lib/thumb/v6-m/nofp/crt0.o

.flash_begin    0x10000000        0x0
                0x10000000                __flash_binary_start = .

.boot2          0x10000000      0x100
                0x10000000                __boot2_start__ = .
 *(.boot2)
 .boot2         0x10000000      0x100 C:\Users\banna\AppData\Local\Temp\ccGZK0mC.o
                0x10000100                __boot2_end__ = .
                0x00000001                ASSERT (((__boot2_end__ - __boot2_start__) == 0x100), ERROR: Pico second stage bootloader must be 256 bytes in size)

.text           0x10000100     0x1bc0
                0x10000100                __logical_binary_start = .
 *(.vectors)
 .vectors       0x10000100       0xd4 CMakeFiles/Blinky.dir/C_/Users/banna/pico/pico-sdk/src/rp2_common/pico_crt0/crt0.S.obj
                0x10000100                __VECTOR_TABLE
                0x10000100                __vectors
                0x100001c0                isr_invalid
                0x100001c0                __default_isrs_start
                0x100001c2                isr_nmi
                0x100001c4                isr_hardfault
                0x100001c6                isr_svcall
                0x100001c8                isr_pendsv
                0x100001ca                isr_systick
                0x100001cc                isr_irq23
                0x100001cc                isr_irq18
                0x100001cc                isr_irq11
                0x100001cc                isr_irq28
                0x100001cc                isr_irq19
                0x100001cc                isr_irq0
                0x100001cc                isr_irq6
                0x100001cc                isr_irq5
                0x100001cc                isr_irq12
                0x100001cc                isr_irq22
                0x100001cc                isr_irq31
                0x100001cc                isr_irq17
                0x100001cc                isr_irq27
                0x100001cc                isr_irq30
                0x100001cc                isr_irq2
                0x100001cc                isr_irq10
                0x100001cc                isr_irq8
                0x100001cc                isr_irq24
                0x100001cc                isr_irq1
                0x100001cc                isr_irq7
                0x100001cc                isr_irq21
                0x100001cc                isr_irq20
                0x100001cc                isr_irq15
                0x100001cc                isr_irq25
                0x100001cc                isr_irq13
                0x100001cc                __unhandled_user_irq
                0x100001cc                isr_irq4
                0x100001cc                isr_irq16
                0x100001cc                isr_irq29
                0x100001cc                isr_irq26
                0x100001cc                __default_isrs_end
                0x100001cc                isr_irq3
                0x100001cc                isr_irq14
                0x100001cc                isr_irq9
                0x100001d2                unhandled_user_irq_num_in_r0
 *(.binary_info_header)
 .binary_info_header
                0x100001d4       0x14 CMakeFiles/Blinky.dir/C_/Users/banna/pico/pico-sdk/src/rp2_common/pico_crt0/crt0.S.obj
                0x100001e8                __binary_info_header_end = .
 *(.embedded_block)
                0x100001e8                __embedded_block_end = .
 *(.reset)
 .reset         0x100001e8       0x9c CMakeFiles/Blinky.dir/C_/Users/banna/pico/pico-sdk/src/rp2_common/pico_crt0/crt0.S.obj
                0x100001e8                _entry_point
 *(.init)
 .init          0x10000284        0x4 c:/progra~2/gnuarm~1/102021~1.10/bin/../lib/gcc/arm-none-eabi/10.3.1/thumb/v6-m/nofp/crti.o
                0x10000284                _init
 *(EXCLUDE_FILE(*libm.a: *libc.a:*lib_a-mem*.o *libgcc.a:) .text*)
 .text          0x10000288       0x48 c:/progra~2/gnuarm~1/102021~1.10/bin/../lib/gcc/arm-none-eabi/10.3.1/thumb/v6-m/nofp/crtbegin.o
 .text.repeating_timer_callback
                0x100002d0       0x18 CMakeFiles/Blinky.dir/blinky.c.obj
                0x100002d0                repeating_timer_callback
 .text.startup.main
                0x100002e8       0x3c CMakeFiles/Blinky.dir/blinky.c.obj
                0x100002e8                main
 .text.gpio_set_function
                0x10000324       0x34 CMakeFiles/Blinky.dir/C_/Users/banna/pico/pico-sdk/src/rp2_common/hardware_gpio/gpio.c.obj
                0x10000324                gpio_set_function
 .text.gpio_init
                0x10000358       0x40 CMakeFiles/Blinky.dir/C_/Users/banna/pico/pico-sdk/src/rp2_common/hardware_gpio/gpio.c.obj
                0x10000358                gpio_init
 .text.panic    0x10000398       0x30 CMakeFiles/Blinky.dir/C_/Users/banna/pico/pico-sdk/src/rp2_common/pico_platform_panic/panic.c.obj
                0x10000398                panic
 .text.hw_claim_or_assert
                0x100003c8       0x44 CMakeFiles/Blinky.dir/C_/Users/banna/pico/pico-sdk/src/common/hardware_claim/claim.c.obj
                0x100003c8                hw_claim_or_assert
 .text.next_striped_spin_lock_num
                0x1000040c       0x18 CMakeFiles/Blinky.dir/C_/Users/banna/pico/pico-sdk/src/rp2_common/hardware_sync/sync.c.obj
                0x1000040c                next_striped_spin_lock_num
 .text.spin_locks_reset
                0x10000424       0x1c CMakeFiles/Blinky.dir/C_/Users/banna/pico/pico-sdk/src/rp2_common/hardware_sync_spin_lock/sync_spin_lock.c.obj
                0x10000424                spin_locks_reset
 .text.runtime_init_per_core_irq_priorities
                0x10000440       0x24 CMakeFiles/Blinky.dir/C_/Users/banna/pico/pico-sdk/src/rp2_common/hardware_irq/irq.c.obj
                0x10000440                runtime_init_per_core_irq_priorities
 .text.irq_set_enabled
                0x10000464       0x24 CMakeFiles/Blinky.dir/C_/Users/banna/pico/pico-sdk/src/rp2_common/hardware_irq/irq.c.obj
                0x10000464                irq_set_enabled
 .text.irq_set_exclusive_handler
                0x10000488       0x54 CMakeFiles/Blinky.dir/C_/Users/banna/pico/pico-sdk/src/rp2_common/hardware_irq/irq.c.obj
                0x10000488                irq_set_exclusive_handler
 .text.irq_remove_handler
                0x100004dc      0x1c4 CMakeFiles/Blinky.dir/C_/Users/banna/pico/pico-sdk/src/rp2_common/hardware_irq/irq.c.obj
                0x100004dc                irq_remove_handler
 .text.irq_add_tail_to_free_list
                0x100006a0       0xb4 CMakeFiles/Blinky.dir/C_/Users/banna/pico/pico-sdk/src/rp2_common/hardware_irq/irq.c.obj
                0x100006a0                irq_add_tail_to_free_list
 .text.lock_init
                0x10000754       0x10 CMakeFiles/Blinky.dir/C_/Users/banna/pico/pico-sdk/src/common/pico_sync/lock_core.c.obj
                0x10000754                lock_init
 .text.runtime_init_mutex
                0x10000764       0x58 CMakeFiles/Blinky.dir/C_/Users/banna/pico/pico-sdk/src/common/pico_sync/mutex.c.obj
                0x10000764                runtime_init_mutex
 .text.sleep_until_callback
                0x100007bc       0x30 CMakeFiles/Blinky.dir/C_/Users/banna/pico/pico-sdk/src/common/pico_time/time.c.obj
 .text.alarm_pool_irq_handler
                0x100007ec      0x2e4 CMakeFiles/Blinky.dir/C_/Users/banna/pico/pico-sdk/src/common/pico_time/time.c.obj
 .text.runtime_init_default_alarm_pool
                0x10000ad0       0xdc CMakeFiles/Blinky.dir/C_/Users/banna/pico/pico-sdk/src/common/pico_time/time.c.obj
                0x10000ad0                runtime_init_default_alarm_pool
 .text.alarm_pool_get_default
                0x10000bac        0x8 CMakeFiles/Blinky.dir/C_/Users/banna/pico/pico-sdk/src/common/pico_time/time.c.obj
                0x10000bac                alarm_pool_get_default
 .text.alarm_pool_cancel_alarm
                0x10000bb4       0x7c CMakeFiles/Blinky.dir/C_/Users/banna/pico/pico-sdk/src/common/pico_time/time.c.obj
                0x10000bb4                alarm_pool_cancel_alarm
 .text.best_effort_wfe_or_timeout
                0x10000c30      0x11c CMakeFiles/Blinky.dir/C_/Users/banna/pico/pico-sdk/src/common/pico_time/time.c.obj
                0x10000c30                best_effort_wfe_or_timeout
 .text.alarm_pool_add_repeating_timer_us
                0x10000d4c      0x120 CMakeFiles/Blinky.dir/C_/Users/banna/pico/pico-sdk/src/common/pico_time/time.c.obj
                0x10000d4c                alarm_pool_add_repeating_timer_us
 .text.timer_hardware_alarm_claim
                0x10000e6c       0x14 CMakeFiles/Blinky.dir/C_/Users/banna/pico/pico-sdk/src/rp2_common/hardware_timer/timer.c.obj
                0x10000e6c                timer_hardware_alarm_claim
 .text.timer_time_us_64
                0x10000e80       0x10 CMakeFiles/Blinky.dir/C_/Users/banna/pico/pico-sdk/src/rp2_common/hardware_timer/timer.c.obj
                0x10000e80                timer_time_us_64
 .text.time_us_64
                0x10000e90       0x14 CMakeFiles/Blinky.dir/C_/Users/banna/pico/pico-sdk/src/rp2_common/hardware_timer/timer.c.obj
                0x10000e90                time_us_64
 .text.busy_wait_us
                0x10000ea4       0x54 CMakeFiles/Blinky.dir/C_/Users/banna/pico/pico-sdk/src/rp2_common/hardware_timer/timer.c.obj
                0x10000ea4                busy_wait_us
 .text.uart_init
                0x10000ef8      0x11c CMakeFiles/Blinky.dir/C_/Users/banna/pico/pico-sdk/src/rp2_common/hardware_uart/uart.c.obj
                0x10000ef8                uart_init
 .text.clock_configure_int_divider
                0x10001014       0xf4 CMakeFiles/Blinky.dir/C_/Users/banna/pico/pico-sdk/src/rp2_common/hardware_clocks/clocks.c.obj
                0x10001014                clock_configure_int_divider
 .text.clock_configure_undivided
                0x10001108       0xe8 CMakeFiles/Blinky.dir/C_/Users/banna/pico/pico-sdk/src/rp2_common/hardware_clocks/clocks.c.obj
                0x10001108                clock_configure_undivided
 .text.clock_get_hz
                0x100011f0        0xc CMakeFiles/Blinky.dir/C_/Users/banna/pico/pico-sdk/src/rp2_common/hardware_clocks/clocks.c.obj
                0x100011f0                clock_get_hz
 .text.pll_init
                0x100011fc       0xa0 CMakeFiles/Blinky.dir/C_/Users/banna/pico/pico-sdk/src/rp2_common/hardware_pll/pll.c.obj
                0x100011fc                pll_init
 .text.tick_start
                0x1000129c       0x10 CMakeFiles/Blinky.dir/C_/Users/banna/pico/pico-sdk/src/rp2_common/hardware_ticks/ticks.c.obj
                0x1000129c                tick_start
 .text.xosc_init
                0x100012ac       0x28 CMakeFiles/Blinky.dir/C_/Users/banna/pico/pico-sdk/src/rp2_common/hardware_xosc/xosc.c.obj
                0x100012ac                xosc_init
 .text.first_per_core_initializer
                0x100012d4        0x4 CMakeFiles/Blinky.dir/C_/Users/banna/pico/pico-sdk/src/rp2_common/pico_runtime/runtime.c.obj
 .text.hard_assertion_failure
                0x100012d8        0xc CMakeFiles/Blinky.dir/C_/Users/banna/pico/pico-sdk/src/rp2_common/pico_runtime/runtime.c.obj
                0x100012d8                hard_assertion_failure
 .text.runtime_run_initializers
                0x100012e4       0x28 CMakeFiles/Blinky.dir/C_/Users/banna/pico/pico-sdk/src/rp2_common/pico_runtime/runtime.c.obj
                0x100012e4                runtime_run_initializers
 .text.runtime_init_early_resets
                0x1000130c       0x2c CMakeFiles/Blinky.dir/C_/Users/banna/pico/pico-sdk/src/rp2_common/pico_runtime_init/runtime_init.c.obj
                0x1000130c                runtime_init_early_resets
 .text.runtime_init_usb_power_down
                0x10001338       0x1c CMakeFiles/Blinky.dir/C_/Users/banna/pico/pico-sdk/src/rp2_common/pico_runtime_init/runtime_init.c.obj
                0x10001338                runtime_init_usb_power_down
 .text.runtime_init_post_clock_resets
                0x10001354       0x20 CMakeFiles/Blinky.dir/C_/Users/banna/pico/pico-sdk/src/rp2_common/pico_runtime_init/runtime_init.c.obj
                0x10001354                runtime_init_post_clock_resets
 .text.runtime_init_rp2040_gpio_ie_disable
                0x10001374       0x14 CMakeFiles/Blinky.dir/C_/Users/banna/pico/pico-sdk/src/rp2_common/pico_runtime_init/runtime_init.c.obj
                0x10001374                runtime_init_rp2040_gpio_ie_disable
 .text.runtime_init_spin_locks_reset
                0x10001388        0x8 CMakeFiles/Blinky.dir/C_/Users/banna/pico/pico-sdk/src/rp2_common/pico_runtime_init/runtime_init.c.obj
                0x10001388                runtime_init_spin_locks_reset
 .text.runtime_init_install_ram_vector_table
                0x10001390       0x1c CMakeFiles/Blinky.dir/C_/Users/banna/pico/pico-sdk/src/rp2_common/pico_runtime_init/runtime_init.c.obj
                0x10001390                runtime_init_install_ram_vector_table
 .text.runtime_init_clocks
                0x100013ac       0xd8 CMakeFiles/Blinky.dir/C_/Users/banna/pico/pico-sdk/src/rp2_common/pico_runtime_init/runtime_init_clocks.c.obj
                0x100013ac                runtime_init_clocks
 .text          0x10001484       0x10 CMakeFiles/Blinky.dir/C_/Users/banna/pico/pico-sdk/src/rp2_common/pico_bit_ops/bit_ops_aeabi.S.obj
 .text.rom_func_lookup
                0x10001494       0x10 CMakeFiles/Blinky.dir/C_/Users/banna/pico/pico-sdk/src/rp2_common/pico_bootrom/bootrom.c.obj
                0x10001494                rom_func_lookup
 .text.rom_data_lookup
                0x100014a4       0x10 CMakeFiles/Blinky.dir/C_/Users/banna/pico/pico-sdk/src/rp2_common/pico_bootrom/bootrom.c.obj
                0x100014a4                rom_data_lookup
 .text.rom_funcs_lookup
                0x100014b4       0x44 CMakeFiles/Blinky.dir/C_/Users/banna/pico/pico-sdk/src/rp2_common/pico_bootrom/bootrom.c.obj
                0x100014b4                rom_funcs_lookup
 .text.__wrap___aeabi_uidiv
                0x100014f8       0x4c CMakeFiles/Blinky.dir/C_/Users/banna/pico/pico-sdk/src/rp2_common/pico_divider/divider_hardware.S.obj
                0x100014f8                __wrap___aeabi_uidiv
                0x100014f8                __wrap___aeabi_uidivmod
                0x100014f8                div_u32u32
                0x100014f8                divmod_u32u32
                0x10001500                divmod_u32u32_unsafe
                0x10001528                divmod_u32u32_savestate
 .text.__aeabi_double_init
                0x10001544       0xa0 CMakeFiles/Blinky.dir/C_/Users/banna/pico/pico-sdk/src/rp2_common/pico_double/double_init_rom_rp2040.c.obj
                0x10001544                __aeabi_double_init
 .text.double_table_shim_on_use_helper
                0x100015e4       0x2c CMakeFiles/Blinky.dir/C_/Users/banna/pico/pico-sdk/src/rp2_common/pico_double/double_v1_rom_shim_rp2040.S.obj
                0x100015e4                double_table_shim_on_use_helper
 .text.__aeabi_float_init
                0x10001610       0x64 CMakeFiles/Blinky.dir/C_/Users/banna/pico/pico-sdk/src/rp2_common/pico_float/float_init_rom_rp2040.c.obj
                0x10001610                __aeabi_float_init
 .text.float_table_shim_on_use_helper
                0x10001674       0x2c CMakeFiles/Blinky.dir/C_/Users/banna/pico/pico-sdk/src/rp2_common/pico_float/float_v1_rom_shim_rp2040.S.obj
                0x10001674                float_table_shim_on_use_helper
 .text          0x100016a0       0x10 CMakeFiles/Blinky.dir/C_/Users/banna/pico/pico-sdk/src/rp2_common/pico_mem_ops/mem_ops_aeabi.S.obj
                0x100016a0                __aeabi_mem_init
 .text.memcpy   0x100016b0        0xc CMakeFiles/Blinky.dir/C_/Users/banna/pico/pico-sdk/src/rp2_common/pico_mem_ops/mem_ops_aeabi.S.obj
                0x100016b0                __wrap_memcpy
                0x100016b0                __wrap___aeabi_memcpy
 .text._out_char
                0x100016bc       0x10 CMakeFiles/Blinky.dir/C_/Users/banna/pico/pico-sdk/src/rp2_common/pico_printf/printf.c.obj
 .text.weak_raw_vprintf
                0x100016cc       0x30 CMakeFiles/Blinky.dir/C_/Users/banna/pico/pico-sdk/src/rp2_common/pico_printf/printf.c.obj
                0x100016cc                weak_raw_vprintf
 .text._exit    0x100016fc        0x4 CMakeFiles/Blinky.dir/C_/Users/banna/pico/pico-sdk/src/rp2_common/pico_clib_interface/newlib_interface.c.obj
                0x100016fc                _exit
 .text.exit     0x10001700        0x8 CMakeFiles/Blinky.dir/C_/Users/banna/pico/pico-sdk/src/rp2_common/pico_clib_interface/newlib_interface.c.obj
                0x10001700                exit
 .text.runtime_init
                0x10001708       0x2c CMakeFiles/Blinky.dir/C_/Users/banna/pico/pico-sdk/src/rp2_common/pico_clib_interface/newlib_interface.c.obj
                0x10001708                runtime_init
 .text.stdio_out_chars_no_crlf
                0x10001734       0x10 CMakeFiles/Blinky.dir/C_/Users/banna/pico/pico-sdk/src/rp2_common/pico_stdio/stdio.c.obj
 .text.stdio_out_chars_crlf
                0x10001744       0xb4 CMakeFiles/Blinky.dir/C_/Users/banna/pico/pico-sdk/src/rp2_common/pico_stdio/stdio.c.obj
 .text.stdio_put_string
                0x100017f8      0x100 CMakeFiles/Blinky.dir/C_/Users/banna/pico/pico-sdk/src/rp2_common/pico_stdio/stdio.c.obj
                0x100017f8                stdio_put_string
 .text.stdio_set_driver_enabled
                0x100018f8       0x30 CMakeFiles/Blinky.dir/C_/Users/banna/pico/pico-sdk/src/rp2_common/pico_stdio/stdio.c.obj
                0x100018f8                stdio_set_driver_enabled
 .text.stdio_init_all
                0x10001928        0xc CMakeFiles/Blinky.dir/C_/Users/banna/pico/pico-sdk/src/rp2_common/pico_stdio/stdio.c.obj
                0x10001928                stdio_init_all
 .text.__wrap_putchar
                0x10001934       0x98 CMakeFiles/Blinky.dir/C_/Users/banna/pico/pico-sdk/src/rp2_common/pico_stdio/stdio.c.obj
                0x10001934                __wrap_putchar
                0x10001934                stdio_putchar
 .text.__wrap_puts
                0x100019cc       0x3c CMakeFiles/Blinky.dir/C_/Users/banna/pico/pico-sdk/src/rp2_common/pico_stdio/stdio.c.obj
                0x100019cc                stdio_puts
                0x100019cc                __wrap_puts
 .text.stdio_uart_out_chars
                0x10001a08       0x4c CMakeFiles/Blinky.dir/C_/Users/banna/pico/pico-sdk/src/rp2_common/pico_stdio_uart/stdio_uart.c.obj
 .text.stdio_uart_in_chars
                0x10001a54       0x84 CMakeFiles/Blinky.dir/C_/Users/banna/pico/pico-sdk/src/rp2_common/pico_stdio_uart/stdio_uart.c.obj
                0x10001a54                stdio_uart_in_chars
 .text.on_uart_rx
                0x10001ad8       0x28 CMakeFiles/Blinky.dir/C_/Users/banna/pico/pico-sdk/src/rp2_common/pico_stdio_uart/stdio_uart.c.obj
 .text.stdio_uart_out_flush
                0x10001b00       0x10 CMakeFiles/Blinky.dir/C_/Users/banna/pico/pico-sdk/src/rp2_common/pico_stdio_uart/stdio_uart.c.obj
 .text.stdio_uart_set_chars_available_callback
                0x10001b10       0x8c CMakeFiles/Blinky.dir/C_/Users/banna/pico/pico-sdk/src/rp2_common/pico_stdio_uart/stdio_uart.c.obj
 .text.stdio_uart_init
                0x10001b9c       0x50 CMakeFiles/Blinky.dir/C_/Users/banna/pico/pico-sdk/src/rp2_common/pico_stdio_uart/stdio_uart.c.obj
                0x10001b9c                stdio_uart_init
 .text.strlen   0x10001bec       0x5c c:/progra~2/gnuarm~1/102021~1.10/bin/../lib/gcc/arm-none-eabi/10.3.1/../../../../arm-none-eabi/lib/thumb/v6-m/nofp\libg.a(lib_a-strlen-stub.o)
                0x10001bec                strlen
 *(.fini)
 .fini          0x10001c48        0x4 c:/progra~2/gnuarm~1/102021~1.10/bin/../lib/gcc/arm-none-eabi/10.3.1/thumb/v6-m/nofp/crti.o
                0x10001c48                _fini
 *fill*         0x10001c4c        0x4 
 .fini.__stub   0x10001c50       0x30 linker stubs
 *crtbegin.o(.ctors)
 *crtbegin?.o(.ctors)
 *(EXCLUDE_FILE(*crtend.o *crtend?.o) .ctors)
 *(SORT_BY_NAME(.ctors.*))
 *(.ctors)
 *crtbegin.o(.dtors)
 *crtbegin?.o(.dtors)
 *(EXCLUDE_FILE(*crtend.o *crtend?.o) .dtors)
 *(SORT_BY_NAME(.dtors.*))
 *(.dtors)
                0x10001c80                . = ALIGN (0x4)
                0x10001c80                PROVIDE (__preinit_array_start = .)
 *(SORT_BY_NAME(.preinit_array.*))
 .preinit_array.00100
                0x10001c80        0x4 CMakeFiles/Blinky.dir/C_/Users/banna/pico/pico-sdk/src/rp2_common/pico_runtime_init/runtime_init.c.obj
                0x10001c80                __pre_init_runtime_init_early_resets
 .preinit_array.00101
                0x10001c84        0x4 CMakeFiles/Blinky.dir/C_/Users/banna/pico/pico-sdk/src/rp2_common/pico_runtime_init/runtime_init.c.obj
                0x10001c84                __pre_init_runtime_init_usb_power_down
 .preinit_array.00275
                0x10001c88        0x4 CMakeFiles/Blinky.dir/C_/Users/banna/pico/pico-sdk/src/rp2_common/pico_bit_ops/bit_ops_aeabi.S.obj
 .preinit_array.00300
                0x10001c8c        0x4 CMakeFiles/Blinky.dir/C_/Users/banna/pico/pico-sdk/src/rp2_common/pico_mem_ops/mem_ops_aeabi.S.obj
 .preinit_array.00350
                0x10001c90        0x4 CMakeFiles/Blinky.dir/C_/Users/banna/pico/pico-sdk/src/rp2_common/pico_double/double_aeabi_rp2040.S.obj
 .preinit_array.00350
                0x10001c94        0x4 CMakeFiles/Blinky.dir/C_/Users/banna/pico/pico-sdk/src/rp2_common/pico_float/float_aeabi_rp2040.S.obj
 .preinit_array.00500
                0x10001c98        0x4 CMakeFiles/Blinky.dir/C_/Users/banna/pico/pico-sdk/src/rp2_common/pico_runtime_init/runtime_init.c.obj
                0x10001c98                __pre_init_runtime_init_clocks
 .preinit_array.00600
                0x10001c9c        0x4 CMakeFiles/Blinky.dir/C_/Users/banna/pico/pico-sdk/src/rp2_common/pico_runtime_init/runtime_init.c.obj
                0x10001c9c                __pre_init_runtime_init_post_clock_resets
 .preinit_array.00700
                0x10001ca0        0x4 CMakeFiles/Blinky.dir/C_/Users/banna/pico/pico-sdk/src/rp2_common/pico_runtime_init/runtime_init.c.obj
                0x10001ca0                __pre_init_runtime_init_rp2040_gpio_ie_disable
 .preinit_array.01000
                0x10001ca4        0x4 CMakeFiles/Blinky.dir/C_/Users/banna/pico/pico-sdk/src/rp2_common/pico_runtime_init/runtime_init.c.obj
                0x10001ca4                __pre_init_runtime_init_spin_locks_reset
 .preinit_array.01100
                0x10001ca8        0x4 CMakeFiles/Blinky.dir/C_/Users/banna/pico/pico-sdk/src/common/pico_sync/mutex.c.obj
                0x10001ca8                __pre_init_runtime_init_mutex
 .preinit_array.10080
                0x10001cac        0x4 CMakeFiles/Blinky.dir/C_/Users/banna/pico/pico-sdk/src/rp2_common/pico_runtime_init/runtime_init.c.obj
                0x10001cac                __pre_init_runtime_init_install_ram_vector_table
 .preinit_array.11000
                0x10001cb0        0x4 CMakeFiles/Blinky.dir/C_/Users/banna/pico/pico-sdk/src/common/pico_time/time.c.obj
                0x10001cb0                __pre_init_runtime_init_default_alarm_pool
 .preinit_array.YYYYY
                0x10001cb4        0x4 CMakeFiles/Blinky.dir/C_/Users/banna/pico/pico-sdk/src/rp2_common/pico_runtime/runtime.c.obj
                0x10001cb4                __pre_init_first_per_core_initializer
 .preinit_array.ZZZZZ.01200
                0x10001cb8        0x4 CMakeFiles/Blinky.dir/C_/Users/banna/pico/pico-sdk/src/rp2_common/hardware_irq/irq.c.obj
                0x10001cb8                __pre_init_runtime_init_per_core_irq_priorities
 *(.preinit_array)
                0x10001cbc                PROVIDE (__preinit_array_end = .)
                0x10001cbc                . = ALIGN (0x4)
                0x10001cbc                PROVIDE (__init_array_start = .)
 *(SORT_BY_NAME(.init_array.*))
 *(.init_array)
 .init_array    0x10001cbc        0x4 c:/progra~2/gnuarm~1/102021~1.10/bin/../lib/gcc/arm-none-eabi/10.3.1/thumb/v6-m/nofp/crtbegin.o
                0x10001cc0                PROVIDE (__init_array_end = .)
                0x10001cc0                . = ALIGN (0x4)
                [!provide]                PROVIDE (__fini_array_start = .)
 *(SORT_BY_NAME(.fini_array.*))
 *(.fini_array)
                [!provide]                PROVIDE (__fini_array_end = .)
 *(.eh_frame*)
 .eh_frame      0x10001cc0        0x0 c:/progra~2/gnuarm~1/102021~1.10/bin/../lib/gcc/arm-none-eabi/10.3.1/thumb/v6-m/nofp/crtbegin.o
                0x10001cc0                . = ALIGN (0x4)

.glue_7         0x10001cc0        0x0
 .glue_7        0x10001cc0        0x0 linker stubs

.glue_7t        0x10001cc0        0x0
 .glue_7t       0x10001cc0        0x0 linker stubs

.vfp11_veneer   0x10001cc0        0x0
 .vfp11_veneer  0x10001cc0        0x0 linker stubs

.v4_bx          0x10001cc0        0x0
 .v4_bx         0x10001cc0        0x0 linker stubs

.iplt           0x10001cc0        0x0
 .iplt          0x10001cc0        0x0 c:/progra~2/gnuarm~1/102021~1.10/bin/../lib/gcc/arm-none-eabi/10.3.1/thumb/v6-m/nofp/crtbegin.o

.rodata         0x10001cc0      0x104
 *(EXCLUDE_FILE(*libm.a: *libc.a:*lib_a-mem*.o *libgcc.a:) .rodata*)
 .rodata.panic.str1.4
                0x10001cc0       0x12 CMakeFiles/Blinky.dir/C_/Users/banna/pico/pico-sdk/src/rp2_common/pico_platform_panic/panic.c.obj
 *fill*         0x10001cd2        0x2 
 .rodata.timer_hardware_alarm_claim.str1.4
                0x10001cd4       0x22 CMakeFiles/Blinky.dir/C_/Users/banna/pico/pico-sdk/src/rp2_common/hardware_timer/timer.c.obj
 *fill*         0x10001cf6        0x2 
 .rodata.hard_assertion_failure.str1.4
                0x10001cf8        0xc CMakeFiles/Blinky.dir/C_/Users/banna/pico/pico-sdk/src/rp2_common/pico_runtime/runtime.c.obj
 .rodata.str1.4
                0x10001d04       0x2c CMakeFiles/Blinky.dir/C_/Users/banna/pico/pico-sdk/src/rp2_common/pico_standard_binary_info/standard_binary_info.c.obj
 .rodata.__bi_26
                0x10001d30        0xc CMakeFiles/Blinky.dir/C_/Users/banna/pico/pico-sdk/src/rp2_common/pico_standard_binary_info/standard_binary_info.c.obj
 .rodata.__bi_34
                0x10001d3c        0xc CMakeFiles/Blinky.dir/C_/Users/banna/pico/pico-sdk/src/rp2_common/pico_standard_binary_info/standard_binary_info.c.obj
 .rodata.__bi_42
                0x10001d48        0xc CMakeFiles/Blinky.dir/C_/Users/banna/pico/pico-sdk/src/rp2_common/pico_standard_binary_info/standard_binary_info.c.obj
 .rodata.__bi_48
                0x10001d54        0xc CMakeFiles/Blinky.dir/C_/Users/banna/pico/pico-sdk/src/rp2_common/pico_standard_binary_info/standard_binary_info.c.obj
 .rodata.__bi_54
                0x10001d60        0xc CMakeFiles/Blinky.dir/C_/Users/banna/pico/pico-sdk/src/rp2_common/pico_standard_binary_info/standard_binary_info.c.obj
 .rodata.__bi_84
                0x10001d6c        0xc CMakeFiles/Blinky.dir/C_/Users/banna/pico/pico-sdk/src/rp2_common/pico_standard_binary_info/standard_binary_info.c.obj
 .rodata.crlf_str.0
                0x10001d78        0x2 CMakeFiles/Blinky.dir/C_/Users/banna/pico/pico-sdk/src/rp2_common/pico_stdio/stdio.c.obj
 *fill*         0x10001d7a        0x2 
 .rodata.str1.4
                0x10001d7c       0x2c CMakeFiles/Blinky.dir/C_/Users/banna/pico/pico-sdk/src/rp2_common/pico_stdio_uart/stdio_uart.c.obj
 .rodata.__bi_45.4
                0x10001da8        0xc CMakeFiles/Blinky.dir/C_/Users/banna/pico/pico-sdk/src/rp2_common/pico_stdio_uart/stdio_uart.c.obj
 .rodata.__bi_49.5
                0x10001db4        0x8 CMakeFiles/Blinky.dir/C_/Users/banna/pico/pico-sdk/src/rp2_common/pico_stdio_uart/stdio_uart.c.obj
 .rodata.__bi_50.6
                0x10001dbc        0x8 CMakeFiles/Blinky.dir/C_/Users/banna/pico/pico-sdk/src/rp2_common/pico_stdio_uart/stdio_uart.c.obj
                0x10001dc4                . = ALIGN (0x4)
 *(SORT_BY_ALIGNMENT(SORT_BY_NAME(.flashdata*)))
                0x10001dc4                . = ALIGN (0x4)

.ARM.extab
 *(.ARM.extab* .gnu.linkonce.armextab.*)
                0x10001dc4                __exidx_start = .

.ARM.exidx
 *(.ARM.exidx* .gnu.linkonce.armexidx.*)
                0x10001dc4                __exidx_end = .
                0x10001dc4                . = ALIGN (0x4)
                0x10001dc4                __binary_info_start = .

.binary_info    0x10001dc4       0x24
 *(.binary_info.keep.*)
 .binary_info.keep.__bi_ptr26
                0x10001dc4        0x4 CMakeFiles/Blinky.dir/C_/Users/banna/pico/pico-sdk/src/rp2_common/pico_standard_binary_info/standard_binary_info.c.obj
 .binary_info.keep.__bi_ptr34
                0x10001dc8        0x4 CMakeFiles/Blinky.dir/C_/Users/banna/pico/pico-sdk/src/rp2_common/pico_standard_binary_info/standard_binary_info.c.obj
 .binary_info.keep.__bi_ptr42
                0x10001dcc        0x4 CMakeFiles/Blinky.dir/C_/Users/banna/pico/pico-sdk/src/rp2_common/pico_standard_binary_info/standard_binary_info.c.obj
 .binary_info.keep.__bi_ptr48
                0x10001dd0        0x4 CMakeFiles/Blinky.dir/C_/Users/banna/pico/pico-sdk/src/rp2_common/pico_standard_binary_info/standard_binary_info.c.obj
 .binary_info.keep.__bi_ptr54
                0x10001dd4        0x4 CMakeFiles/Blinky.dir/C_/Users/banna/pico/pico-sdk/src/rp2_common/pico_standard_binary_info/standard_binary_info.c.obj
 .binary_info.keep.__bi_ptr84
                0x10001dd8        0x4 CMakeFiles/Blinky.dir/C_/Users/banna/pico/pico-sdk/src/rp2_common/pico_standard_binary_info/standard_binary_info.c.obj
 *(.binary_info.*)
 .binary_info.__bi_ptr45
                0x10001ddc        0x4 CMakeFiles/Blinky.dir/C_/Users/banna/pico/pico-sdk/src/rp2_common/pico_stdio_uart/stdio_uart.c.obj
 .binary_info.__bi_ptr49
                0x10001de0        0x4 CMakeFiles/Blinky.dir/C_/Users/banna/pico/pico-sdk/src/rp2_common/pico_stdio_uart/stdio_uart.c.obj
 .binary_info.__bi_ptr50
                0x10001de4        0x4 CMakeFiles/Blinky.dir/C_/Users/banna/pico/pico-sdk/src/rp2_common/pico_stdio_uart/stdio_uart.c.obj
                0x10001de8                __binary_info_end = .

.rel.dyn        0x10001de8        0x0
 .rel.iplt      0x10001de8        0x0 c:/progra~2/gnuarm~1/102021~1.10/bin/../lib/gcc/arm-none-eabi/10.3.1/thumb/v6-m/nofp/crtbegin.o
                0x10001de8                . = ALIGN (0x4)

.ram_vector_table
                0x20000000       0xc0
 *(.ram_vector_table)
 .ram_vector_table
                0x20000000       0xc0 CMakeFiles/Blinky.dir/C_/Users/banna/pico/pico-sdk/src/rp2_common/pico_runtime_init/runtime_init.c.obj
                0x20000000                ram_vector_table

.uninitialized_data
                0x200000c0        0x0
                0x200000c0                . = ALIGN (0x4)
 *(.uninitialized_data*)

.data           0x200000c0      0x180 load address 0x10001de8
                0x200000c0                __data_start__ = .
 *(vtable)
 *(.time_critical*)
 .time_critical.mutex_try_enter_block_until
                0x200000c0       0x9c CMakeFiles/Blinky.dir/C_/Users/banna/pico/pico-sdk/src/common/pico_sync/mutex.c.obj
                0x200000c0                mutex_try_enter_block_until
 .time_critical.mutex_exit
                0x2000015c       0x28 CMakeFiles/Blinky.dir/C_/Users/banna/pico/pico-sdk/src/common/pico_sync/mutex.c.obj
                0x2000015c                mutex_exit
 *(.text*)
 .text          0x20000184        0x4 c:/progra~2/gnuarm~1/102021~1.10/bin/../lib/gcc/arm-none-eabi/10.3.1/thumb/v6-m/nofp\libgcc.a(_dvmd_tls.o)
                0x20000184                __aeabi_idiv0
                0x20000184                __aeabi_ldiv0
 .text.__stub   0x20000188       0x10 linker stubs
                0x20000198                . = ALIGN (0x4)
 *(.rodata*)
                0x20000198                . = ALIGN (0x4)
 *(.data*)
 .data.striped_spin_lock_num
                0x20000198        0x1 CMakeFiles/Blinky.dir/C_/Users/banna/pico/pico-sdk/src/rp2_common/hardware_sync/sync.c.obj
 *fill*         0x20000199        0x3 
 .data          0x2000019c       0x48 CMakeFiles/Blinky.dir/C_/Users/banna/pico/pico-sdk/src/rp2_common/hardware_irq/irq_handler_chain.S.obj
                0x2000019c                irq_handler_chain_slots
                0x200001cc                irq_handler_chain_first_slot
                0x200001d6                irq_handler_chain_remove_tail
 .data.default_alarm_pool
                0x200001e4       0x18 CMakeFiles/Blinky.dir/C_/Users/banna/pico/pico-sdk/src/common/pico_time/time.c.obj
 *fill*         0x200001fc        0x4 
 .data.aeabi_bits_funcs
                0x20000200       0x10 CMakeFiles/Blinky.dir/C_/Users/banna/pico/pico-sdk/src/rp2_common/pico_bit_ops/bit_ops_aeabi.S.obj
                0x20000200                aeabi_bits_funcs
                0x20000210                aeabi_bits_funcs_end
 .data.aeabi_mem_funcs
                0x20000210       0x10 CMakeFiles/Blinky.dir/C_/Users/banna/pico/pico-sdk/src/rp2_common/pico_mem_ops/mem_ops_aeabi.S.obj
                0x20000210                aeabi_mem_funcs
                0x20000220                aeabi_mem_funcs_end
 .data.stdio_uart
                0x20000220       0x18 CMakeFiles/Blinky.dir/C_/Users/banna/pico/pico-sdk/src/rp2_common/pico_stdio_uart/stdio_uart.c.obj
                0x20000220                stdio_uart
                0x20000238                . = ALIGN (0x4)
 *(.after_data.*)
                0x20000238                . = ALIGN (0x4)
                0x20000238                PROVIDE (__mutex_array_start = .)
 *(SORT_BY_NAME(.mutex_array.*))
 *(.mutex_array)
 .mutex_array   0x20000238        0x8 CMakeFiles/Blinky.dir/C_/Users/banna/pico/pico-sdk/src/rp2_common/pico_stdio/stdio.c.obj
                0x20000240                PROVIDE (__mutex_array_end = .)
                0x20000240                . = ALIGN (0x4)
 *(.jcr)
                0x20000240                . = ALIGN (0x4)

.igot.plt       0x20000240        0x0 load address 0x10001f68
 .igot.plt      0x20000240        0x0 c:/progra~2/gnuarm~1/102021~1.10/bin/../lib/gcc/arm-none-eabi/10.3.1/thumb/v6-m/nofp/crtbegin.o

.tdata          0x20000240        0x0 load address 0x10001f68
                0x20000240                . = ALIGN (0x4)
 *(.tdata .tdata.* .gnu.linkonce.td.*)
                0x20000240                __tdata_end = .
                0x20000240                PROVIDE (__data_end__ = .)
                0x10001de8                __etext = LOADADDR (.data)

.tbss           0x20000240        0x0 load address 0x10001f68
                0x20000240                . = ALIGN (0x4)
                0x20000240                __bss_start__ = .
                0x20000240                __tls_base = .
 *(.tbss .tbss.* .gnu.linkonce.tb.*)
 *(.tcommon)
                0x20000240                __tls_end = .

.bss            0x20000240      0x400 load address 0x10001f68
                0x20000240                . = ALIGN (0x4)
                0x20000240                __tbss_end = .
 *(SORT_BY_ALIGNMENT(SORT_BY_NAME(.bss*)))
 .bss.default_alarm_pool_entries
                0x20000240      0x180 CMakeFiles/Blinky.dir/C_/Users/banna/pico/pico-sdk/src/common/pico_time/time.c.obj
 .bss.sd_table  0x200003c0      0x100 CMakeFiles/Blinky.dir/C_/Users/banna/pico/pico-sdk/src/rp2_common/pico_double/double_init_rom_rp2040.c.obj
                0x200003c0                sd_table
 .bss.sf_table  0x200004c0      0x100 CMakeFiles/Blinky.dir/C_/Users/banna/pico/pico-sdk/src/rp2_common/pico_float/float_init_rom_rp2040.c.obj
                0x200004c0                sf_table
 .bss           0x200005c0       0x1c c:/progra~2/gnuarm~1/102021~1.10/bin/../lib/gcc/arm-none-eabi/10.3.1/thumb/v6-m/nofp/crtbegin.o
 .bss.chars_available_callback
                0x200005dc        0x4 CMakeFiles/Blinky.dir/C_/Users/banna/pico/pico-sdk/src/rp2_common/pico_stdio_uart/stdio_uart.c.obj
 .bss.chars_available_param
                0x200005e0        0x4 CMakeFiles/Blinky.dir/C_/Users/banna/pico/pico-sdk/src/rp2_common/pico_stdio_uart/stdio_uart.c.obj
 .bss.claimed   0x200005e4        0x1 CMakeFiles/Blinky.dir/C_/Users/banna/pico/pico-sdk/src/rp2_common/hardware_timer/timer.c.obj
 *fill*         0x200005e5        0x3 
 .bss.configured_freq
                0x200005e8       0x28 CMakeFiles/Blinky.dir/C_/Users/banna/pico/pico-sdk/src/rp2_common/hardware_clocks/clocks.c.obj
 .bss.drivers   0x20000610        0x4 CMakeFiles/Blinky.dir/C_/Users/banna/pico/pico-sdk/src/rp2_common/pico_stdio/stdio.c.obj
 .bss.filter    0x20000614        0x4 CMakeFiles/Blinky.dir/C_/Users/banna/pico/pico-sdk/src/rp2_common/pico_stdio/stdio.c.obj
 .bss.lazy_vsnprintf
                0x20000618        0x4 CMakeFiles/Blinky.dir/C_/Users/banna/pico/pico-sdk/src/rp2_common/pico_printf/printf.c.obj
 .bss.pools     0x2000061c       0x10 CMakeFiles/Blinky.dir/C_/Users/banna/pico/pico-sdk/src/common/pico_time/time.c.obj
 .bss.sf_clz_func
                0x2000062c        0x4 CMakeFiles/Blinky.dir/C_/Users/banna/pico/pico-sdk/src/rp2_common/pico_double/double_init_rom_rp2040.c.obj
                0x2000062c                sf_clz_func
 .bss.sleep_notifier
                0x20000630        0x4 CMakeFiles/Blinky.dir/C_/Users/banna/pico/pico-sdk/src/common/pico_time/time.c.obj
 .bss.uart_char_to_line_feed
                0x20000634        0x4 CMakeFiles/Blinky.dir/C_/Users/banna/pico/pico-sdk/src/rp2_common/hardware_uart/uart.c.obj
                0x20000634                uart_char_to_line_feed
 .bss.uart_instance
                0x20000638        0x4 CMakeFiles/Blinky.dir/C_/Users/banna/pico/pico-sdk/src/rp2_common/pico_stdio_uart/stdio_uart.c.obj
 .bss.irq_handler_chain_free_slot_head
                0x2000063c        0x1 CMakeFiles/Blinky.dir/C_/Users/banna/pico/pico-sdk/src/rp2_common/hardware_irq/irq.c.obj
 *(COMMON)
                0x20000640                . = ALIGN (0x4)
 *fill*         0x2000063d        0x3 
                0x20000640                __bss_end__ = .

.heap           0x20000640    0x3f9c0 load address 0x10001f68
                0x20000640                __end__ = .
                0x20000640                end = __end__
 *(.heap*)
 .heap          0x20000640      0x800 CMakeFiles/Blinky.dir/C_/Users/banna/pico/pico-sdk/src/rp2_common/pico_crt0/crt0.S.obj
                0x20040000                . = (ORIGIN (RAM) + LENGTH (RAM))
 *fill*         0x20000e40    0x3f1c0 
                0x20040000                __HeapLimit = .

.scratch_x      0x20040000        0x0 load address 0x10001f68
                0x20040000                __scratch_x_start__ = .
 *(.scratch_x.*)
                0x20040000                . = ALIGN (0x4)
                0x20040000                __scratch_x_end__ = .
                0x10001f68                __scratch_x_source__ = LOADADDR (.scratch_x)

.scratch_y      0x20041000        0x0 load address 0x10001f68
                0x20041000                __scratch_y_start__ = .
 *(.scratch_y.*)
                0x20041000                . = ALIGN (0x4)
                0x20041000                __scratch_y_end__ = .
                0x10001f68                __scratch_y_source__ = LOADADDR (.scratch_y)

.stack1_dummy   0x20040000        0x0
 *(.stack1*)

.stack_dummy    0x20041000      0x800
 *(.stack*)
 .stack         0x20041000      0x800 CMakeFiles/Blinky.dir/C_/Users/banna/pico/pico-sdk/src/rp2_common/pico_crt0/crt0.S.obj

.flash_end      0x10001f68        0x0
 *(.embedded_end_block*)
                0x10001f68                PROVIDE (__flash_binary_end = .)
                0x20040000                __StackLimit = (ORIGIN (RAM) + LENGTH (RAM))
                0x20041000                __StackOneTop = (ORIGIN (SCRATCH_X) + LENGTH (SCRATCH_X))
                0x20042000                __StackTop = (ORIGIN (SCRATCH_Y) + LENGTH (SCRATCH_Y))
                0x20041000                __StackOneBottom = (__StackOneTop - SIZEOF (.stack1_dummy))
                0x20041800                __StackBottom = (__StackTop - SIZEOF (.stack_dummy))
                0x20042000                PROVIDE (__stack = __StackTop)
                [!provide]                PROVIDE (__heap_start = __end__)
                [!provide]                PROVIDE (__heap_end = __HeapLimit)
                [!provide]                PROVIDE (__tls_align = MAX (ALIGNOF (.tdata), ALIGNOF (.tbss)))
                [!provide]                PROVIDE (__tls_size_align = (((__tls_size + __tls_align) - 0x1) & ~ ((__tls_align - 0x1))))
                [!provide]                PROVIDE (__arm32_tls_tcb_offset = MAX (0x8, __tls_align))
                [!provide]                PROVIDE (_end = __end__)
                [!provide]                PROVIDE (__llvm_libc_heap_limit = __HeapLimit)
                0x00000001                ASSERT ((__StackLimit >= __HeapLimit), region RAM overflowed)
                0x00000001                ASSERT (((__binary_info_header_end - __logical_binary_start) <= 0x100), Binary info must be in first 256 bytes of the binary)
LOAD CMakeFiles/Blinky.dir/blinky.c.obj
LOAD CMakeFiles/Blinky.dir/C_/Users/banna/pico/pico-sdk/src/rp2_common/pico_stdlib/stdlib.c.obj
LOAD CMakeFiles/Blinky.dir/C_/Users/banna/pico/pico-sdk/src/rp2_common/hardware_gpio/gpio.c.obj
LOAD CMakeFiles/Blinky.dir/C_/Users/banna/pico/pico-sdk/src/rp2040/pico_platform/platform.c.obj
LOAD CMakeFiles/Blinky.dir/C_/Users/banna/pico/pico-sdk/src/rp2_common/pico_platform_panic/panic.c.obj
LOAD CMakeFiles/Blinky.dir/C_/Users/banna/pico/pico-sdk/src/common/hardware_claim/claim.c.obj
LOAD CMakeFiles/Blinky.dir/C_/Users/banna/pico/pico-sdk/src/rp2_common/hardware_sync/sync.c.obj
LOAD CMakeFiles/Blinky.dir/C_/Users/banna/pico/pico-sdk/src/rp2_common/hardware_sync_spin_lock/sync_spin_lock.c.obj
LOAD CMakeFiles/Blinky.dir/C_/Users/banna/pico/pico-sdk/src/rp2_common/hardware_irq/irq.c.obj
LOAD CMakeFiles/Blinky.dir/C_/Users/banna/pico/pico-sdk/src/rp2_common/hardware_irq/irq_handler_chain.S.obj
LOAD CMakeFiles/Blinky.dir/C_/Users/banna/pico/pico-sdk/src/common/pico_sync/sem.c.obj
LOAD CMakeFiles/Blinky.dir/C_/Users/banna/pico/pico-sdk/src/common/pico_sync/lock_core.c.obj
LOAD CMakeFiles/Blinky.dir/C_/Users/banna/pico/pico-sdk/src/common/pico_sync/mutex.c.obj
LOAD CMakeFiles/Blinky.dir/C_/Users/banna/pico/pico-sdk/src/common/pico_sync/critical_section.c.obj
LOAD CMakeFiles/Blinky.dir/C_/Users/banna/pico/pico-sdk/src/common/pico_time/time.c.obj
LOAD CMakeFiles/Blinky.dir/C_/Users/banna/pico/pico-sdk/src/common/pico_time/timeout_helper.c.obj
LOAD CMakeFiles/Blinky.dir/C_/Users/banna/pico/pico-sdk/src/rp2_common/hardware_timer/timer.c.obj
LOAD CMakeFiles/Blinky.dir/C_/Users/banna/pico/pico-sdk/src/common/pico_util/datetime.c.obj
LOAD CMakeFiles/Blinky.dir/C_/Users/banna/pico/pico-sdk/src/common/pico_util/pheap.c.obj
LOAD CMakeFiles/Blinky.dir/C_/Users/banna/pico/pico-sdk/src/common/pico_util/queue.c.obj
LOAD CMakeFiles/Blinky.dir/C_/Users/banna/pico/pico-sdk/src/rp2_common/hardware_uart/uart.c.obj
LOAD CMakeFiles/Blinky.dir/C_/Users/banna/pico/pico-sdk/src/rp2_common/hardware_clocks/clocks.c.obj
LOAD CMakeFiles/Blinky.dir/C_/Users/banna/pico/pico-sdk/src/rp2_common/hardware_pll/pll.c.obj
LOAD CMakeFiles/Blinky.dir/C_/Users/banna/pico/pico-sdk/src/rp2_common/hardware_vreg/vreg.c.obj
LOAD CMakeFiles/Blinky.dir/C_/Users/banna/pico/pico-sdk/src/rp2_common/hardware_watchdog/watchdog.c.obj
LOAD CMakeFiles/Blinky.dir/C_/Users/banna/pico/pico-sdk/src/rp2_common/hardware_ticks/ticks.c.obj
LOAD CMakeFiles/Blinky.dir/C_/Users/banna/pico/pico-sdk/src/rp2_common/hardware_xosc/xosc.c.obj
LOAD CMakeFiles/Blinky.dir/C_/Users/banna/pico/pico-sdk/src/rp2_common/hardware_divider/divider.S.obj
LOAD CMakeFiles/Blinky.dir/C_/Users/banna/pico/pico-sdk/src/rp2_common/pico_runtime/runtime.c.obj
LOAD CMakeFiles/Blinky.dir/C_/Users/banna/pico/pico-sdk/src/rp2_common/pico_runtime_init/runtime_init.c.obj
LOAD CMakeFiles/Blinky.dir/C_/Users/banna/pico/pico-sdk/src/rp2_common/pico_runtime_init/runtime_init_clocks.c.obj
LOAD CMakeFiles/Blinky.dir/C_/Users/banna/pico/pico-sdk/src/rp2_common/pico_runtime_init/runtime_init_stack_guard.c.obj
LOAD CMakeFiles/Blinky.dir/C_/Users/banna/pico/pico-sdk/src/rp2_common/pico_bit_ops/bit_ops_aeabi.S.obj
LOAD CMakeFiles/Blinky.dir/C_/Users/banna/pico/pico-sdk/src/rp2_common/pico_bootrom/bootrom.c.obj
LOAD CMakeFiles/Blinky.dir/C_/Users/banna/pico/pico-sdk/src/rp2_common/pico_bootrom/bootrom_lock.c.obj
LOAD CMakeFiles/Blinky.dir/C_/Users/banna/pico/pico-sdk/src/rp2_common/hardware_boot_lock/boot_lock.c.obj
LOAD CMakeFiles/Blinky.dir/C_/Users/banna/pico/pico-sdk/src/rp2_common/pico_divider/divider_hardware.S.obj
LOAD CMakeFiles/Blinky.dir/C_/Users/banna/pico/pico-sdk/src/rp2_common/pico_double/double_aeabi_rp2040.S.obj
LOAD CMakeFiles/Blinky.dir/C_/Users/banna/pico/pico-sdk/src/rp2_common/pico_double/double_init_rom_rp2040.c.obj
LOAD CMakeFiles/Blinky.dir/C_/Users/banna/pico/pico-sdk/src/rp2_common/pico_double/double_math.c.obj
LOAD CMakeFiles/Blinky.dir/C_/Users/banna/pico/pico-sdk/src/rp2_common/pico_double/double_v1_rom_shim_rp2040.S.obj
LOAD CMakeFiles/Blinky.dir/C_/Users/banna/pico/pico-sdk/src/rp2_common/pico_int64_ops/pico_int64_ops_aeabi.S.obj
LOAD CMakeFiles/Blinky.dir/C_/Users/banna/pico/pico-sdk/src/rp2_common/pico_float/float_aeabi_rp2040.S.obj
LOAD CMakeFiles/Blinky.dir/C_/Users/banna/pico/pico-sdk/src/rp2_common/pico_float/float_init_rom_rp2040.c.obj
LOAD CMakeFiles/Blinky.dir/C_/Users/banna/pico/pico-sdk/src/rp2_common/pico_float/float_math.c.obj
LOAD CMakeFiles/Blinky.dir/C_/Users/banna/pico/pico-sdk/src/rp2_common/pico_float/float_v1_rom_shim_rp2040.S.obj
LOAD CMakeFiles/Blinky.dir/C_/Users/banna/pico/pico-sdk/src/rp2_common/pico_malloc/malloc.c.obj
LOAD CMakeFiles/Blinky.dir/C_/Users/banna/pico/pico-sdk/src/rp2_common/pico_mem_ops/mem_ops_aeabi.S.obj
LOAD CMakeFiles/Blinky.dir/C_/Users/banna/pico/pico-sdk/src/rp2_common/pico_atomic/atomic.c.obj
LOAD CMakeFiles/Blinky.dir/C_/Users/banna/pico/pico-sdk/src/rp2_common/pico_cxx_options/new_delete.cpp.obj
LOAD CMakeFiles/Blinky.dir/C_/Users/banna/pico/pico-sdk/src/rp2_common/pico_standard_binary_info/standard_binary_info.c.obj
LOAD CMakeFiles/Blinky.dir/C_/Users/banna/pico/pico-sdk/src/rp2_common/pico_printf/printf.c.obj
LOAD CMakeFiles/Blinky.dir/C_/Users/banna/pico/pico-sdk/src/rp2_common/pico_crt0/crt0.S.obj
LOAD CMakeFiles/Blinky.dir/C_/Users/banna/pico/pico-sdk/src/rp2_common/pico_clib_interface/newlib_interface.c.obj
LOAD CMakeFiles/Blinky.dir/C_/Users/banna/pico/pico-sdk/src/rp2_common/pico_stdio/stdio.c.obj
LOAD CMakeFiles/Blinky.dir/C_/Users/banna/pico/pico-sdk/src/rp2_common/pico_stdio_uart/stdio_uart.c.obj
LOAD C:\Users\banna\AppData\Local\Temp\ccGZK0mC.o
LOAD c:/progra~2/gnuarm~1/102021~1.10/bin/../lib/gcc/arm-none-eabi/10.3.1/../../../../arm-none-eabi/lib/thumb/v6-m/nofp\libstdc++.a
LOAD c:/progra~2/gnuarm~1/102021~1.10/bin/../lib/gcc/arm-none-eabi/10.3.1/../../../../arm-none-eabi/lib/thumb/v6-m/nofp\libm.a
START GROUP
LOAD c:/progra~2/gnuarm~1/102021~1.10/bin/../lib/gcc/arm-none-eabi/10.3.1/thumb/v6-m/nofp\libgcc.a
LOAD c:/progra~2/gnuarm~1/102021~1.10/bin/../lib/gcc/arm-none-eabi/10.3.1/../../../../arm-none-eabi/lib/thumb/v6-m/nofp\libg.a
LOAD c:/progra~2/gnuarm~1/102021~1.10/bin/../lib/gcc/arm-none-eabi/10.3.1/../../../../arm-none-eabi/lib/thumb/v6-m/nofp\libc.a
END GROUP
START GROUP
LOAD c:/progra~2/gnuarm~1/102021~1.10/bin/../lib/gcc/arm-none-eabi/10.3.1/thumb/v6-m/nofp\libgcc.a
LOAD c:/progra~2/gnuarm~1/102021~1.10/bin/../lib/gcc/arm-none-eabi/10.3.1/../../../../arm-none-eabi/lib/thumb/v6-m/nofp\libc.a
LOAD c:/progra~2/gnuarm~1/102021~1.10/bin/../lib/gcc/arm-none-eabi/10.3.1/../../../../arm-none-eabi/lib/thumb/v6-m/nofp\libnosys.a
END GROUP
LOAD c:/progra~2/gnuarm~1/102021~1.10/bin/../lib/gcc/arm-none-eabi/10.3.1/thumb/v6-m/nofp/crtend.o
LOAD c:/progra~2/gnuarm~1/102021~1.10/bin/../lib/gcc/arm-none-eabi/10.3.1/thumb/v6-m/nofp/crtn.o
OUTPUT(Blinky.elf elf32-littlearm)
LOAD linker stubs

.ARM.attributes
                0x00000000       0x28
 .ARM.attributes
                0x00000000       0x1e c:/progra~2/gnuarm~1/102021~1.10/bin/../lib/gcc/arm-none-eabi/10.3.1/thumb/v6-m/nofp/crti.o
 .ARM.attributes
                0x0000001e       0x2c c:/progra~2/gnuarm~1/102021~1.10/bin/../lib/gcc/arm-none-eabi/10.3.1/thumb/v6-m/nofp/crtbegin.o
 .ARM.attributes
                0x0000004a       0x2c CMakeFiles/Blinky.dir/blinky.c.obj
 .ARM.attributes
                0x00000076       0x2c CMakeFiles/Blinky.dir/C_/Users/banna/pico/pico-sdk/src/rp2_common/hardware_gpio/gpio.c.obj
 .ARM.attributes
                0x000000a2       0x2c CMakeFiles/Blinky.dir/C_/Users/banna/pico/pico-sdk/src/rp2_common/pico_platform_panic/panic.c.obj
 .ARM.attributes
                0x000000ce       0x2c CMakeFiles/Blinky.dir/C_/Users/banna/pico/pico-sdk/src/common/hardware_claim/claim.c.obj
 .ARM.attributes
                0x000000fa       0x2c CMakeFiles/Blinky.dir/C_/Users/banna/pico/pico-sdk/src/rp2_common/hardware_sync/sync.c.obj
 .ARM.attributes
                0x00000126       0x2c CMakeFiles/Blinky.dir/C_/Users/banna/pico/pico-sdk/src/rp2_common/hardware_sync_spin_lock/sync_spin_lock.c.obj
 .ARM.attributes
                0x00000152       0x2c CMakeFiles/Blinky.dir/C_/Users/banna/pico/pico-sdk/src/rp2_common/hardware_irq/irq.c.obj
 .ARM.attributes
                0x0000017e       0x22 CMakeFiles/Blinky.dir/C_/Users/banna/pico/pico-sdk/src/rp2_common/hardware_irq/irq_handler_chain.S.obj
 .ARM.attributes
                0x000001a0       0x2c CMakeFiles/Blinky.dir/C_/Users/banna/pico/pico-sdk/src/common/pico_sync/lock_core.c.obj
 .ARM.attributes
                0x000001cc       0x2c CMakeFiles/Blinky.dir/C_/Users/banna/pico/pico-sdk/src/common/pico_sync/mutex.c.obj
 .ARM.attributes
                0x000001f8       0x2c CMakeFiles/Blinky.dir/C_/Users/banna/pico/pico-sdk/src/common/pico_time/time.c.obj
 .ARM.attributes
                0x00000224       0x2c CMakeFiles/Blinky.dir/C_/Users/banna/pico/pico-sdk/src/rp2_common/hardware_timer/timer.c.obj
 .ARM.attributes
                0x00000250       0x2c CMakeFiles/Blinky.dir/C_/Users/banna/pico/pico-sdk/src/rp2_common/hardware_uart/uart.c.obj
 .ARM.attributes
                0x0000027c       0x2c CMakeFiles/Blinky.dir/C_/Users/banna/pico/pico-sdk/src/rp2_common/hardware_clocks/clocks.c.obj
 .ARM.attributes
                0x000002a8       0x2c CMakeFiles/Blinky.dir/C_/Users/banna/pico/pico-sdk/src/rp2_common/hardware_pll/pll.c.obj
 .ARM.attributes
                0x000002d4       0x2c CMakeFiles/Blinky.dir/C_/Users/banna/pico/pico-sdk/src/rp2_common/hardware_ticks/ticks.c.obj
 .ARM.attributes
                0x00000300       0x2c CMakeFiles/Blinky.dir/C_/Users/banna/pico/pico-sdk/src/rp2_common/hardware_xosc/xosc.c.obj
 .ARM.attributes
                0x0000032c       0x2c CMakeFiles/Blinky.dir/C_/Users/banna/pico/pico-sdk/src/rp2_common/pico_runtime/runtime.c.obj
 .ARM.attributes
                0x00000358       0x2c CMakeFiles/Blinky.dir/C_/Users/banna/pico/pico-sdk/src/rp2_common/pico_runtime_init/runtime_init.c.obj
 .ARM.attributes
                0x00000384       0x2c CMakeFiles/Blinky.dir/C_/Users/banna/pico/pico-sdk/src/rp2_common/pico_runtime_init/runtime_init_clocks.c.obj
 .ARM.attributes
                0x000003b0       0x22 CMakeFiles/Blinky.dir/C_/Users/banna/pico/pico-sdk/src/rp2_common/pico_bit_ops/bit_ops_aeabi.S.obj
 .ARM.attributes
                0x000003d2       0x2c CMakeFiles/Blinky.dir/C_/Users/banna/pico/pico-sdk/src/rp2_common/pico_bootrom/bootrom.c.obj
 .ARM.attributes
                0x000003fe       0x22 CMakeFiles/Blinky.dir/C_/Users/banna/pico/pico-sdk/src/rp2_common/pico_divider/divider_hardware.S.obj
 .ARM.attributes
                0x00000420       0x22 CMakeFiles/Blinky.dir/C_/Users/banna/pico/pico-sdk/src/rp2_common/pico_double/double_aeabi_rp2040.S.obj
 .ARM.attributes
                0x00000442       0x2c CMakeFiles/Blinky.dir/C_/Users/banna/pico/pico-sdk/src/rp2_common/pico_double/double_init_rom_rp2040.c.obj
 .ARM.attributes
                0x0000046e       0x22 CMakeFiles/Blinky.dir/C_/Users/banna/pico/pico-sdk/src/rp2_common/pico_double/double_v1_rom_shim_rp2040.S.obj
 .ARM.attributes
                0x00000490       0x22 CMakeFiles/Blinky.dir/C_/Users/banna/pico/pico-sdk/src/rp2_common/pico_float/float_aeabi_rp2040.S.obj
 .ARM.attributes
                0x000004b2       0x2c CMakeFiles/Blinky.dir/C_/Users/banna/pico/pico-sdk/src/rp2_common/pico_float/float_init_rom_rp2040.c.obj
 .ARM.attributes
                0x000004de       0x22 CMakeFiles/Blinky.dir/C_/Users/banna/pico/pico-sdk/src/rp2_common/pico_float/float_v1_rom_shim_rp2040.S.obj
 .ARM.attributes
                0x00000500       0x22 CMakeFiles/Blinky.dir/C_/Users/banna/pico/pico-sdk/src/rp2_common/pico_mem_ops/mem_ops_aeabi.S.obj
 .ARM.attributes
                0x00000522       0x2c CMakeFiles/Blinky.dir/C_/Users/banna/pico/pico-sdk/src/rp2_common/pico_standard_binary_info/standard_binary_info.c.obj
 .ARM.attributes
                0x0000054e       0x2c CMakeFiles/Blinky.dir/C_/Users/banna/pico/pico-sdk/src/rp2_common/pico_printf/printf.c.obj
 .ARM.attributes
                0x0000057a       0x22 CMakeFiles/Blinky.dir/C_/Users/banna/pico/pico-sdk/src/rp2_common/pico_crt0/crt0.S.obj
 .ARM.attributes
                0x0000059c       0x2c CMakeFiles/Blinky.dir/C_/Users/banna/pico/pico-sdk/src/rp2_common/pico_clib_interface/newlib_interface.c.obj
 .ARM.attributes
                0x000005c8       0x2c CMakeFiles/Blinky.dir/C_/Users/banna/pico/pico-sdk/src/rp2_common/pico_stdio/stdio.c.obj
 .ARM.attributes
                0x000005f4       0x2c CMakeFiles/Blinky.dir/C_/Users/banna/pico/pico-sdk/src/rp2_common/pico_stdio_uart/stdio_uart.c.obj
 .ARM.attributes
                0x00000620       0x22 C:\Users\banna\AppData\Local\Temp\ccGZK0mC.o
 .ARM.attributes
                0x00000642       0x1e c:/progra~2/gnuarm~1/102021~1.10/bin/../lib/gcc/arm-none-eabi/10.3.1/thumb/v6-m/nofp\libgcc.a(_dvmd_tls.o)
 .ARM.attributes
                0x00000660       0x2c c:/progra~2/gnuarm~1/102021~1.10/bin/../lib/gcc/arm-none-eabi/10.3.1/../../../../arm-none-eabi/lib/thumb/v6-m/nofp\libg.a(lib_a-strlen-stub.o)

.comment        0x00000000       0x49
 .comment       0x00000000       0x49 CMakeFiles/Blinky.dir/blinky.c.obj
                                 0x4a (size before relaxing)
 .comment       0x00000049       0x4a CMakeFiles/Blinky.dir/C_/Users/banna/pico/pico-sdk/src/rp2_common/hardware_gpio/gpio.c.obj
 .comment       0x00000049       0x4a CMakeFiles/Blinky.dir/C_/Users/banna/pico/pico-sdk/src/rp2_common/pico_platform_panic/panic.c.obj
 .comment       0x00000049       0x4a CMakeFiles/Blinky.dir/C_/Users/banna/pico/pico-sdk/src/common/hardware_claim/claim.c.obj
 .comment       0x00000049       0x4a CMakeFiles/Blinky.dir/C_/Users/banna/pico/pico-sdk/src/rp2_common/hardware_sync/sync.c.obj
 .comment       0x00000049       0x4a CMakeFiles/Blinky.dir/C_/Users/banna/pico/pico-sdk/src/rp2_common/hardware_sync_spin_lock/sync_spin_lock.c.obj
 .comment       0x00000049       0x4a CMakeFiles/Blinky.dir/C_/Users/banna/pico/pico-sdk/src/rp2_common/hardware_irq/irq.c.obj
 .comment       0x00000049       0x4a CMakeFiles/Blinky.dir/C_/Users/banna/pico/pico-sdk/src/common/pico_sync/lock_core.c.obj
 .comment       0x00000049       0x4a CMakeFiles/Blinky.dir/C_/Users/banna/pico/pico-sdk/src/common/pico_sync/mutex.c.obj
 .comment       0x00000049       0x4a CMakeFiles/Blinky.dir/C_/Users/banna/pico/pico-sdk/src/common/pico_time/time.c.obj
 .comment       0x00000049       0x4a CMakeFiles/Blinky.dir/C_/Users/banna/pico/pico-sdk/src/rp2_common/hardware_timer/timer.c.obj
 .comment       0x00000049       0x4a CMakeFiles/Blinky.dir/C_/Users/banna/pico/pico-sdk/src/rp2_common/hardware_uart/uart.c.obj
 .comment       0x00000049       0x4a CMakeFiles/Blinky.dir/C_/Users/banna/pico/pico-sdk/src/rp2_common/hardware_clocks/clocks.c.obj
 .comment       0x00000049       0x4a CMakeFiles/Blinky.dir/C_/Users/banna/pico/pico-sdk/src/rp2_common/hardware_pll/pll.c.obj
 .comment       0x00000049       0x4a CMakeFiles/Blinky.dir/C_/Users/banna/pico/pico-sdk/src/rp2_common/hardware_ticks/ticks.c.obj
 .comment       0x00000049       0x4a CMakeFiles/Blinky.dir/C_/Users/banna/pico/pico-sdk/src/rp2_common/hardware_xosc/xosc.c.obj
 .comment       0x00000049       0x4a CMakeFiles/Blinky.dir/C_/Users/banna/pico/pico-sdk/src/rp2_common/pico_runtime/runtime.c.obj
 .comment       0x00000049       0x4a CMakeFiles/Blinky.dir/C_/Users/banna/pico/pico-sdk/src/rp2_common/pico_runtime_init/runtime_init.c.obj
 .comment       0x00000049       0x4a CMakeFiles/Blinky.dir/C_/Users/banna/pico/pico-sdk/src/rp2_common/pico_runtime_init/runtime_init_clocks.c.obj
 .comment       0x00000049       0x4a CMakeFiles/Blinky.dir/C_/Users/banna/pico/pico-sdk/src/rp2_common/pico_bootrom/bootrom.c.obj
 .comment       0x00000049       0x4a CMakeFiles/Blinky.dir/C_/Users/banna/pico/pico-sdk/src/rp2_common/pico_double/double_init_rom_rp2040.c.obj
 .comment       0x00000049       0x4a CMakeFiles/Blinky.dir/C_/Users/banna/pico/pico-sdk/src/rp2_common/pico_float/float_init_rom_rp2040.c.obj
 .comment       0x00000049       0x4a CMakeFiles/Blinky.dir/C_/Users/banna/pico/pico-sdk/src/rp2_common/pico_standard_binary_info/standard_binary_info.c.obj
 .comment       0x00000049       0x4a CMakeFiles/Blinky.dir/C_/Users/banna/pico/pico-sdk/src/rp2_common/pico_printf/printf.c.obj
 .comment       0x00000049       0x4a CMakeFiles/Blinky.dir/C_/Users/banna/pico/pico-sdk/src/rp2_common/pico_clib_interface/newlib_interface.c.obj
 .comment       0x00000049       0x4a CMakeFiles/Blinky.dir/C_/Users/banna/pico/pico-sdk/src/rp2_common/pico_stdio/stdio.c.obj
 .comment       0x00000049       0x4a CMakeFiles/Blinky.dir/C_/Users/banna/pico/pico-sdk/src/rp2_common/pico_stdio_uart/stdio_uart.c.obj

.debug_info     0x00000000    0x1ce59
 .debug_info    0x00000000      0xa24 CMakeFiles/Blinky.dir/blinky.c.obj
 .debug_info    0x00000a24     0x2504 CMakeFiles/Blinky.dir/C_/Users/banna/pico/pico-sdk/src/rp2_common/hardware_gpio/gpio.c.obj
 .debug_info    0x00002f28      0x19c CMakeFiles/Blinky.dir/C_/Users/banna/pico/pico-sdk/src/rp2_common/pico_platform_panic/panic.c.obj
 .debug_info    0x000030c4      0xa51 CMakeFiles/Blinky.dir/C_/Users/banna/pico/pico-sdk/src/common/hardware_claim/claim.c.obj
 .debug_info    0x00003b15      0x3f5 CMakeFiles/Blinky.dir/C_/Users/banna/pico/pico-sdk/src/rp2_common/hardware_sync/sync.c.obj
 .debug_info    0x00003f0a      0x24e CMakeFiles/Blinky.dir/C_/Users/banna/pico/pico-sdk/src/rp2_common/hardware_sync_spin_lock/sync_spin_lock.c.obj
 .debug_info    0x00004158     0x2242 CMakeFiles/Blinky.dir/C_/Users/banna/pico/pico-sdk/src/rp2_common/hardware_irq/irq.c.obj
 .debug_info    0x0000639a      0x160 CMakeFiles/Blinky.dir/C_/Users/banna/pico/pico-sdk/src/common/pico_sync/lock_core.c.obj
 .debug_info    0x000064fa     0x2adf CMakeFiles/Blinky.dir/C_/Users/banna/pico/pico-sdk/src/common/pico_sync/mutex.c.obj
 .debug_info    0x00008fd9     0x4b23 CMakeFiles/Blinky.dir/C_/Users/banna/pico/pico-sdk/src/common/pico_time/time.c.obj
 .debug_info    0x0000dafc     0x2ae3 CMakeFiles/Blinky.dir/C_/Users/banna/pico/pico-sdk/src/rp2_common/hardware_timer/timer.c.obj
 .debug_info    0x000105df     0x19dd CMakeFiles/Blinky.dir/C_/Users/banna/pico/pico-sdk/src/rp2_common/hardware_uart/uart.c.obj
 .debug_info    0x00011fbc     0x290e CMakeFiles/Blinky.dir/C_/Users/banna/pico/pico-sdk/src/rp2_common/hardware_clocks/clocks.c.obj
 .debug_info    0x000148ca      0x511 CMakeFiles/Blinky.dir/C_/Users/banna/pico/pico-sdk/src/rp2_common/hardware_pll/pll.c.obj
 .debug_info    0x00014ddb      0x25a CMakeFiles/Blinky.dir/C_/Users/banna/pico/pico-sdk/src/rp2_common/hardware_ticks/ticks.c.obj
 .debug_info    0x00015035      0x1dd CMakeFiles/Blinky.dir/C_/Users/banna/pico/pico-sdk/src/rp2_common/hardware_xosc/xosc.c.obj
 .debug_info    0x00015212      0x214 CMakeFiles/Blinky.dir/C_/Users/banna/pico/pico-sdk/src/rp2_common/pico_runtime/runtime.c.obj
 .debug_info    0x00015426      0x7dc CMakeFiles/Blinky.dir/C_/Users/banna/pico/pico-sdk/src/rp2_common/pico_runtime_init/runtime_init.c.obj
 .debug_info    0x00015c02      0x719 CMakeFiles/Blinky.dir/C_/Users/banna/pico/pico-sdk/src/rp2_common/pico_runtime_init/runtime_init_clocks.c.obj
 .debug_info    0x0001631b       0x22 CMakeFiles/Blinky.dir/C_/Users/banna/pico/pico-sdk/src/rp2_common/pico_bit_ops/bit_ops_aeabi.S.obj
 .debug_info    0x0001633d      0x3e6 CMakeFiles/Blinky.dir/C_/Users/banna/pico/pico-sdk/src/rp2_common/pico_bootrom/bootrom.c.obj
 .debug_info    0x00016723       0x22 CMakeFiles/Blinky.dir/C_/Users/banna/pico/pico-sdk/src/rp2_common/pico_divider/divider_hardware.S.obj
 .debug_info    0x00016745       0x22 CMakeFiles/Blinky.dir/C_/Users/banna/pico/pico-sdk/src/rp2_common/pico_double/double_aeabi_rp2040.S.obj
 .debug_info    0x00016767      0x235 CMakeFiles/Blinky.dir/C_/Users/banna/pico/pico-sdk/src/rp2_common/pico_double/double_init_rom_rp2040.c.obj
 .debug_info    0x0001699c       0x22 CMakeFiles/Blinky.dir/C_/Users/banna/pico/pico-sdk/src/rp2_common/pico_double/double_v1_rom_shim_rp2040.S.obj
 .debug_info    0x000169be       0x22 CMakeFiles/Blinky.dir/C_/Users/banna/pico/pico-sdk/src/rp2_common/pico_float/float_aeabi_rp2040.S.obj
 .debug_info    0x000169e0      0x23f CMakeFiles/Blinky.dir/C_/Users/banna/pico/pico-sdk/src/rp2_common/pico_float/float_init_rom_rp2040.c.obj
 .debug_info    0x00016c1f       0x22 CMakeFiles/Blinky.dir/C_/Users/banna/pico/pico-sdk/src/rp2_common/pico_float/float_v1_rom_shim_rp2040.S.obj
 .debug_info    0x00016c41       0x22 CMakeFiles/Blinky.dir/C_/Users/banna/pico/pico-sdk/src/rp2_common/pico_mem_ops/mem_ops_aeabi.S.obj
 .debug_info    0x00016c63      0x2ca CMakeFiles/Blinky.dir/C_/Users/banna/pico/pico-sdk/src/rp2_common/pico_standard_binary_info/standard_binary_info.c.obj
 .debug_info    0x00016f2d     0x21c9 CMakeFiles/Blinky.dir/C_/Users/banna/pico/pico-sdk/src/rp2_common/pico_printf/printf.c.obj
 .debug_info    0x000190f6       0x22 CMakeFiles/Blinky.dir/C_/Users/banna/pico/pico-sdk/src/rp2_common/pico_crt0/crt0.S.obj
 .debug_info    0x00019118      0xb4e CMakeFiles/Blinky.dir/C_/Users/banna/pico/pico-sdk/src/rp2_common/pico_clib_interface/newlib_interface.c.obj
 .debug_info    0x00019c66     0x1ccb CMakeFiles/Blinky.dir/C_/Users/banna/pico/pico-sdk/src/rp2_common/pico_stdio/stdio.c.obj
 .debug_info    0x0001b931     0x1528 CMakeFiles/Blinky.dir/C_/Users/banna/pico/pico-sdk/src/rp2_common/pico_stdio_uart/stdio_uart.c.obj

.debug_abbrev   0x00000000     0x4dbe
 .debug_abbrev  0x00000000      0x313 CMakeFiles/Blinky.dir/blinky.c.obj
 .debug_abbrev  0x00000313      0x4b6 CMakeFiles/Blinky.dir/C_/Users/banna/pico/pico-sdk/src/rp2_common/hardware_gpio/gpio.c.obj
 .debug_abbrev  0x000007c9       0xf4 CMakeFiles/Blinky.dir/C_/Users/banna/pico/pico-sdk/src/rp2_common/pico_platform_panic/panic.c.obj
 .debug_abbrev  0x000008bd      0x2e6 CMakeFiles/Blinky.dir/C_/Users/banna/pico/pico-sdk/src/common/hardware_claim/claim.c.obj
 .debug_abbrev  0x00000ba3      0x1de CMakeFiles/Blinky.dir/C_/Users/banna/pico/pico-sdk/src/rp2_common/hardware_sync/sync.c.obj
 .debug_abbrev  0x00000d81      0x1b2 CMakeFiles/Blinky.dir/C_/Users/banna/pico/pico-sdk/src/rp2_common/hardware_sync_spin_lock/sync_spin_lock.c.obj
 .debug_abbrev  0x00000f33      0x588 CMakeFiles/Blinky.dir/C_/Users/banna/pico/pico-sdk/src/rp2_common/hardware_irq/irq.c.obj
 .debug_abbrev  0x000014bb       0xee CMakeFiles/Blinky.dir/C_/Users/banna/pico/pico-sdk/src/common/pico_sync/lock_core.c.obj
 .debug_abbrev  0x000015a9      0x413 CMakeFiles/Blinky.dir/C_/Users/banna/pico/pico-sdk/src/common/pico_sync/mutex.c.obj
 .debug_abbrev  0x000019bc      0x606 CMakeFiles/Blinky.dir/C_/Users/banna/pico/pico-sdk/src/common/pico_time/time.c.obj
 .debug_abbrev  0x00001fc2      0x4ae CMakeFiles/Blinky.dir/C_/Users/banna/pico/pico-sdk/src/rp2_common/hardware_timer/timer.c.obj
 .debug_abbrev  0x00002470      0x315 CMakeFiles/Blinky.dir/C_/Users/banna/pico/pico-sdk/src/rp2_common/hardware_uart/uart.c.obj
 .debug_abbrev  0x00002785      0x49f CMakeFiles/Blinky.dir/C_/Users/banna/pico/pico-sdk/src/rp2_common/hardware_clocks/clocks.c.obj
 .debug_abbrev  0x00002c24      0x1c6 CMakeFiles/Blinky.dir/C_/Users/banna/pico/pico-sdk/src/rp2_common/hardware_pll/pll.c.obj
 .debug_abbrev  0x00002dea      0x141 CMakeFiles/Blinky.dir/C_/Users/banna/pico/pico-sdk/src/rp2_common/hardware_ticks/ticks.c.obj
 .debug_abbrev  0x00002f2b      0x118 CMakeFiles/Blinky.dir/C_/Users/banna/pico/pico-sdk/src/rp2_common/hardware_xosc/xosc.c.obj
 .debug_abbrev  0x00003043      0x16c CMakeFiles/Blinky.dir/C_/Users/banna/pico/pico-sdk/src/rp2_common/pico_runtime/runtime.c.obj
 .debug_abbrev  0x000031af      0x20c CMakeFiles/Blinky.dir/C_/Users/banna/pico/pico-sdk/src/rp2_common/pico_runtime_init/runtime_init.c.obj
 .debug_abbrev  0x000033bb      0x246 CMakeFiles/Blinky.dir/C_/Users/banna/pico/pico-sdk/src/rp2_common/pico_runtime_init/runtime_init_clocks.c.obj
 .debug_abbrev  0x00003601       0x12 CMakeFiles/Blinky.dir/C_/Users/banna/pico/pico-sdk/src/rp2_common/pico_bit_ops/bit_ops_aeabi.S.obj
 .debug_abbrev  0x00003613      0x1ba CMakeFiles/Blinky.dir/C_/Users/banna/pico/pico-sdk/src/rp2_common/pico_bootrom/bootrom.c.obj
 .debug_abbrev  0x000037cd       0x12 CMakeFiles/Blinky.dir/C_/Users/banna/pico/pico-sdk/src/rp2_common/pico_divider/divider_hardware.S.obj
 .debug_abbrev  0x000037df       0x12 CMakeFiles/Blinky.dir/C_/Users/banna/pico/pico-sdk/src/rp2_common/pico_double/double_aeabi_rp2040.S.obj
 .debug_abbrev  0x000037f1      0x15c CMakeFiles/Blinky.dir/C_/Users/banna/pico/pico-sdk/src/rp2_common/pico_double/double_init_rom_rp2040.c.obj
 .debug_abbrev  0x0000394d       0x12 CMakeFiles/Blinky.dir/C_/Users/banna/pico/pico-sdk/src/rp2_common/pico_double/double_v1_rom_shim_rp2040.S.obj
 .debug_abbrev  0x0000395f       0x12 CMakeFiles/Blinky.dir/C_/Users/banna/pico/pico-sdk/src/rp2_common/pico_float/float_aeabi_rp2040.S.obj
 .debug_abbrev  0x00003971      0x15c CMakeFiles/Blinky.dir/C_/Users/banna/pico/pico-sdk/src/rp2_common/pico_float/float_init_rom_rp2040.c.obj
 .debug_abbrev  0x00003acd       0x12 CMakeFiles/Blinky.dir/C_/Users/banna/pico/pico-sdk/src/rp2_common/pico_float/float_v1_rom_shim_rp2040.S.obj
 .debug_abbrev  0x00003adf       0x12 CMakeFiles/Blinky.dir/C_/Users/banna/pico/pico-sdk/src/rp2_common/pico_mem_ops/mem_ops_aeabi.S.obj
 .debug_abbrev  0x00003af1       0xad CMakeFiles/Blinky.dir/C_/Users/banna/pico/pico-sdk/src/rp2_common/pico_standard_binary_info/standard_binary_info.c.obj
 .debug_abbrev  0x00003b9e      0x517 CMakeFiles/Blinky.dir/C_/Users/banna/pico/pico-sdk/src/rp2_common/pico_printf/printf.c.obj
 .debug_abbrev  0x000040b5       0x12 CMakeFiles/Blinky.dir/C_/Users/banna/pico/pico-sdk/src/rp2_common/pico_crt0/crt0.S.obj
 .debug_abbrev  0x000040c7      0x315 CMakeFiles/Blinky.dir/C_/Users/banna/pico/pico-sdk/src/rp2_common/pico_clib_interface/newlib_interface.c.obj
 .debug_abbrev  0x000043dc      0x58d CMakeFiles/Blinky.dir/C_/Users/banna/pico/pico-sdk/src/rp2_common/pico_stdio/stdio.c.obj
 .debug_abbrev  0x00004969      0x455 CMakeFiles/Blinky.dir/C_/Users/banna/pico/pico-sdk/src/rp2_common/pico_stdio_uart/stdio_uart.c.obj

.debug_loc      0x00000000    0x18257
 .debug_loc     0x00000000      0x1a8 CMakeFiles/Blinky.dir/blinky.c.obj
 .debug_loc     0x000001a8     0x2956 CMakeFiles/Blinky.dir/C_/Users/banna/pico/pico-sdk/src/rp2_common/hardware_gpio/gpio.c.obj
 .debug_loc     0x00002afe      0x6c7 CMakeFiles/Blinky.dir/C_/Users/banna/pico/pico-sdk/src/common/hardware_claim/claim.c.obj
 .debug_loc     0x000031c5      0x154 CMakeFiles/Blinky.dir/C_/Users/banna/pico/pico-sdk/src/rp2_common/hardware_sync/sync.c.obj
 .debug_loc     0x00003319       0xb5 CMakeFiles/Blinky.dir/C_/Users/banna/pico/pico-sdk/src/rp2_common/hardware_sync_spin_lock/sync_spin_lock.c.obj
 .debug_loc     0x000033ce     0x1b3c CMakeFiles/Blinky.dir/C_/Users/banna/pico/pico-sdk/src/rp2_common/hardware_irq/irq.c.obj
 .debug_loc     0x00004f0a       0x4d CMakeFiles/Blinky.dir/C_/Users/banna/pico/pico-sdk/src/common/pico_sync/lock_core.c.obj
 .debug_loc     0x00004f57     0x1b8e CMakeFiles/Blinky.dir/C_/Users/banna/pico/pico-sdk/src/common/pico_sync/mutex.c.obj
 .debug_loc     0x00006ae5     0x409e CMakeFiles/Blinky.dir/C_/Users/banna/pico/pico-sdk/src/common/pico_time/time.c.obj
 .debug_loc     0x0000ab83     0x250e CMakeFiles/Blinky.dir/C_/Users/banna/pico/pico-sdk/src/rp2_common/hardware_timer/timer.c.obj
 .debug_loc     0x0000d091     0x1476 CMakeFiles/Blinky.dir/C_/Users/banna/pico/pico-sdk/src/rp2_common/hardware_uart/uart.c.obj
 .debug_loc     0x0000e507     0x31ea CMakeFiles/Blinky.dir/C_/Users/banna/pico/pico-sdk/src/rp2_common/hardware_clocks/clocks.c.obj
 .debug_loc     0x000116f1      0x28f CMakeFiles/Blinky.dir/C_/Users/banna/pico/pico-sdk/src/rp2_common/hardware_pll/pll.c.obj
 .debug_loc     0x00011980       0x57 CMakeFiles/Blinky.dir/C_/Users/banna/pico/pico-sdk/src/rp2_common/hardware_ticks/ticks.c.obj
 .debug_loc     0x000119d7       0x71 CMakeFiles/Blinky.dir/C_/Users/banna/pico/pico-sdk/src/rp2_common/hardware_xosc/xosc.c.obj
 .debug_loc     0x00011a48       0xbc CMakeFiles/Blinky.dir/C_/Users/banna/pico/pico-sdk/src/rp2_common/pico_runtime/runtime.c.obj
 .debug_loc     0x00011b04      0x11c CMakeFiles/Blinky.dir/C_/Users/banna/pico/pico-sdk/src/rp2_common/pico_runtime_init/runtime_init.c.obj
 .debug_loc     0x00011c20       0xa7 CMakeFiles/Blinky.dir/C_/Users/banna/pico/pico-sdk/src/rp2_common/pico_runtime_init/runtime_init_clocks.c.obj
 .debug_loc     0x00011cc7      0x388 CMakeFiles/Blinky.dir/C_/Users/banna/pico/pico-sdk/src/rp2_common/pico_bootrom/bootrom.c.obj
 .debug_loc     0x0001204f       0x44 CMakeFiles/Blinky.dir/C_/Users/banna/pico/pico-sdk/src/rp2_common/pico_double/double_init_rom_rp2040.c.obj
 .debug_loc     0x00012093       0x82 CMakeFiles/Blinky.dir/C_/Users/banna/pico/pico-sdk/src/rp2_common/pico_float/float_init_rom_rp2040.c.obj
 .debug_loc     0x00012115     0x3c08 CMakeFiles/Blinky.dir/C_/Users/banna/pico/pico-sdk/src/rp2_common/pico_printf/printf.c.obj
 .debug_loc     0x00015d1d      0x5b1 CMakeFiles/Blinky.dir/C_/Users/banna/pico/pico-sdk/src/rp2_common/pico_clib_interface/newlib_interface.c.obj
 .debug_loc     0x000162ce     0x1565 CMakeFiles/Blinky.dir/C_/Users/banna/pico/pico-sdk/src/rp2_common/pico_stdio/stdio.c.obj
 .debug_loc     0x00017833      0xa24 CMakeFiles/Blinky.dir/C_/Users/banna/pico/pico-sdk/src/rp2_common/pico_stdio_uart/stdio_uart.c.obj

.debug_aranges  0x00000000      0xef8
 .debug_aranges
                0x00000000       0x30 CMakeFiles/Blinky.dir/blinky.c.obj
 .debug_aranges
                0x00000030      0x120 CMakeFiles/Blinky.dir/C_/Users/banna/pico/pico-sdk/src/rp2_common/hardware_gpio/gpio.c.obj
 .debug_aranges
                0x00000150       0x28 CMakeFiles/Blinky.dir/C_/Users/banna/pico/pico-sdk/src/rp2_common/pico_platform_panic/panic.c.obj
 .debug_aranges
                0x00000178       0x48 CMakeFiles/Blinky.dir/C_/Users/banna/pico/pico-sdk/src/common/hardware_claim/claim.c.obj
 .debug_aranges
                0x000001c0       0x48 CMakeFiles/Blinky.dir/C_/Users/banna/pico/pico-sdk/src/rp2_common/hardware_sync/sync.c.obj
 .debug_aranges
                0x00000208       0x28 CMakeFiles/Blinky.dir/C_/Users/banna/pico/pico-sdk/src/rp2_common/hardware_sync_spin_lock/sync_spin_lock.c.obj
 .debug_aranges
                0x00000230       0xb0 CMakeFiles/Blinky.dir/C_/Users/banna/pico/pico-sdk/src/rp2_common/hardware_irq/irq.c.obj
 .debug_aranges
                0x000002e0       0x20 CMakeFiles/Blinky.dir/C_/Users/banna/pico/pico-sdk/src/common/pico_sync/lock_core.c.obj
 .debug_aranges
                0x00000300       0x98 CMakeFiles/Blinky.dir/C_/Users/banna/pico/pico-sdk/src/common/pico_sync/mutex.c.obj
 .debug_aranges
                0x00000398       0xe0 CMakeFiles/Blinky.dir/C_/Users/banna/pico/pico-sdk/src/common/pico_time/time.c.obj
 .debug_aranges
                0x00000478       0xf0 CMakeFiles/Blinky.dir/C_/Users/banna/pico/pico-sdk/src/rp2_common/hardware_timer/timer.c.obj
 .debug_aranges
                0x00000568       0x58 CMakeFiles/Blinky.dir/C_/Users/banna/pico/pico-sdk/src/rp2_common/hardware_uart/uart.c.obj
 .debug_aranges
                0x000005c0       0x90 CMakeFiles/Blinky.dir/C_/Users/banna/pico/pico-sdk/src/rp2_common/hardware_clocks/clocks.c.obj
 .debug_aranges
                0x00000650       0x28 CMakeFiles/Blinky.dir/C_/Users/banna/pico/pico-sdk/src/rp2_common/hardware_pll/pll.c.obj
 .debug_aranges
                0x00000678       0x30 CMakeFiles/Blinky.dir/C_/Users/banna/pico/pico-sdk/src/rp2_common/hardware_ticks/ticks.c.obj
 .debug_aranges
                0x000006a8       0x30 CMakeFiles/Blinky.dir/C_/Users/banna/pico/pico-sdk/src/rp2_common/hardware_xosc/xosc.c.obj
 .debug_aranges
                0x000006d8       0x38 CMakeFiles/Blinky.dir/C_/Users/banna/pico/pico-sdk/src/rp2_common/pico_runtime/runtime.c.obj
 .debug_aranges
                0x00000710       0x48 CMakeFiles/Blinky.dir/C_/Users/banna/pico/pico-sdk/src/rp2_common/pico_runtime_init/runtime_init.c.obj
 .debug_aranges
                0x00000758       0x20 CMakeFiles/Blinky.dir/C_/Users/banna/pico/pico-sdk/src/rp2_common/pico_runtime_init/runtime_init_clocks.c.obj
 .debug_aranges
                0x00000778       0x60 CMakeFiles/Blinky.dir/C_/Users/banna/pico/pico-sdk/src/rp2_common/pico_bit_ops/bit_ops_aeabi.S.obj
 .debug_aranges
                0x000007d8       0x38 CMakeFiles/Blinky.dir/C_/Users/banna/pico/pico-sdk/src/rp2_common/pico_bootrom/bootrom.c.obj
 .debug_aranges
                0x00000810       0x40 CMakeFiles/Blinky.dir/C_/Users/banna/pico/pico-sdk/src/rp2_common/pico_divider/divider_hardware.S.obj
 .debug_aranges
                0x00000850      0x140 CMakeFiles/Blinky.dir/C_/Users/banna/pico/pico-sdk/src/rp2_common/pico_double/double_aeabi_rp2040.S.obj
 .debug_aranges
                0x00000990       0x20 CMakeFiles/Blinky.dir/C_/Users/banna/pico/pico-sdk/src/rp2_common/pico_double/double_init_rom_rp2040.c.obj
 .debug_aranges
                0x000009b0       0xc8 CMakeFiles/Blinky.dir/C_/Users/banna/pico/pico-sdk/src/rp2_common/pico_double/double_v1_rom_shim_rp2040.S.obj
 .debug_aranges
                0x00000a78      0x130 CMakeFiles/Blinky.dir/C_/Users/banna/pico/pico-sdk/src/rp2_common/pico_float/float_aeabi_rp2040.S.obj
 .debug_aranges
                0x00000ba8       0x20 CMakeFiles/Blinky.dir/C_/Users/banna/pico/pico-sdk/src/rp2_common/pico_float/float_init_rom_rp2040.c.obj
 .debug_aranges
                0x00000bc8       0x50 CMakeFiles/Blinky.dir/C_/Users/banna/pico/pico-sdk/src/rp2_common/pico_float/float_v1_rom_shim_rp2040.S.obj
 .debug_aranges
                0x00000c18       0x38 CMakeFiles/Blinky.dir/C_/Users/banna/pico/pico-sdk/src/rp2_common/pico_mem_ops/mem_ops_aeabi.S.obj
 .debug_aranges
                0x00000c50       0x18 CMakeFiles/Blinky.dir/C_/Users/banna/pico/pico-sdk/src/rp2_common/pico_standard_binary_info/standard_binary_info.c.obj
 .debug_aranges
                0x00000c68       0x90 CMakeFiles/Blinky.dir/C_/Users/banna/pico/pico-sdk/src/rp2_common/pico_printf/printf.c.obj
 .debug_aranges
                0x00000cf8       0x28 CMakeFiles/Blinky.dir/C_/Users/banna/pico/pico-sdk/src/rp2_common/pico_crt0/crt0.S.obj
 .debug_aranges
                0x00000d20       0xa0 CMakeFiles/Blinky.dir/C_/Users/banna/pico/pico-sdk/src/rp2_common/pico_clib_interface/newlib_interface.c.obj
 .debug_aranges
                0x00000dc0       0xc8 CMakeFiles/Blinky.dir/C_/Users/banna/pico/pico-sdk/src/rp2_common/pico_stdio/stdio.c.obj
 .debug_aranges
                0x00000e88       0x70 CMakeFiles/Blinky.dir/C_/Users/banna/pico/pico-sdk/src/rp2_common/pico_stdio_uart/stdio_uart.c.obj

.debug_ranges   0x00000000     0x9178
 .debug_ranges  0x00000000       0x58 CMakeFiles/Blinky.dir/blinky.c.obj
 .debug_ranges  0x00000058      0xd28 CMakeFiles/Blinky.dir/C_/Users/banna/pico/pico-sdk/src/rp2_common/hardware_gpio/gpio.c.obj
 .debug_ranges  0x00000d80       0x18 CMakeFiles/Blinky.dir/C_/Users/banna/pico/pico-sdk/src/rp2_common/pico_platform_panic/panic.c.obj
 .debug_ranges  0x00000d98      0x440 CMakeFiles/Blinky.dir/C_/Users/banna/pico/pico-sdk/src/common/hardware_claim/claim.c.obj
 .debug_ranges  0x000011d8       0xd8 CMakeFiles/Blinky.dir/C_/Users/banna/pico/pico-sdk/src/rp2_common/hardware_sync/sync.c.obj
 .debug_ranges  0x000012b0       0xa8 CMakeFiles/Blinky.dir/C_/Users/banna/pico/pico-sdk/src/rp2_common/hardware_sync_spin_lock/sync_spin_lock.c.obj
 .debug_ranges  0x00001358      0xa38 CMakeFiles/Blinky.dir/C_/Users/banna/pico/pico-sdk/src/rp2_common/hardware_irq/irq.c.obj
 .debug_ranges  0x00001d90       0x28 CMakeFiles/Blinky.dir/C_/Users/banna/pico/pico-sdk/src/common/pico_sync/lock_core.c.obj
 .debug_ranges  0x00001db8     0x16b0 CMakeFiles/Blinky.dir/C_/Users/banna/pico/pico-sdk/src/common/pico_sync/mutex.c.obj
 .debug_ranges  0x00003468     0x2030 CMakeFiles/Blinky.dir/C_/Users/banna/pico/pico-sdk/src/common/pico_time/time.c.obj
 .debug_ranges  0x00005498      0xe60 CMakeFiles/Blinky.dir/C_/Users/banna/pico/pico-sdk/src/rp2_common/hardware_timer/timer.c.obj
 .debug_ranges  0x000062f8      0x820 CMakeFiles/Blinky.dir/C_/Users/banna/pico/pico-sdk/src/rp2_common/hardware_uart/uart.c.obj
 .debug_ranges  0x00006b18      0xac8 CMakeFiles/Blinky.dir/C_/Users/banna/pico/pico-sdk/src/rp2_common/hardware_clocks/clocks.c.obj
 .debug_ranges  0x000075e0       0xd8 CMakeFiles/Blinky.dir/C_/Users/banna/pico/pico-sdk/src/rp2_common/hardware_pll/pll.c.obj
 .debug_ranges  0x000076b8       0x38 CMakeFiles/Blinky.dir/C_/Users/banna/pico/pico-sdk/src/rp2_common/hardware_ticks/ticks.c.obj
 .debug_ranges  0x000076f0       0x38 CMakeFiles/Blinky.dir/C_/Users/banna/pico/pico-sdk/src/rp2_common/hardware_xosc/xosc.c.obj
 .debug_ranges  0x00007728       0x58 CMakeFiles/Blinky.dir/C_/Users/banna/pico/pico-sdk/src/rp2_common/pico_runtime/runtime.c.obj
 .debug_ranges  0x00007780       0xb0 CMakeFiles/Blinky.dir/C_/Users/banna/pico/pico-sdk/src/rp2_common/pico_runtime_init/runtime_init.c.obj
 .debug_ranges  0x00007830       0x28 CMakeFiles/Blinky.dir/C_/Users/banna/pico/pico-sdk/src/rp2_common/pico_runtime_init/runtime_init_clocks.c.obj
 .debug_ranges  0x00007858       0x58 CMakeFiles/Blinky.dir/C_/Users/banna/pico/pico-sdk/src/rp2_common/pico_bit_ops/bit_ops_aeabi.S.obj
 .debug_ranges  0x000078b0       0xe8 CMakeFiles/Blinky.dir/C_/Users/banna/pico/pico-sdk/src/rp2_common/pico_bootrom/bootrom.c.obj
 .debug_ranges  0x00007998       0x38 CMakeFiles/Blinky.dir/C_/Users/banna/pico/pico-sdk/src/rp2_common/pico_divider/divider_hardware.S.obj
 .debug_ranges  0x000079d0      0x138 CMakeFiles/Blinky.dir/C_/Users/banna/pico/pico-sdk/src/rp2_common/pico_double/double_aeabi_rp2040.S.obj
 .debug_ranges  0x00007b08       0x30 CMakeFiles/Blinky.dir/C_/Users/banna/pico/pico-sdk/src/rp2_common/pico_double/double_init_rom_rp2040.c.obj
 .debug_ranges  0x00007b38       0xc0 CMakeFiles/Blinky.dir/C_/Users/banna/pico/pico-sdk/src/rp2_common/pico_double/double_v1_rom_shim_rp2040.S.obj
 .debug_ranges  0x00007bf8      0x128 CMakeFiles/Blinky.dir/C_/Users/banna/pico/pico-sdk/src/rp2_common/pico_float/float_aeabi_rp2040.S.obj
 .debug_ranges  0x00007d20       0x10 CMakeFiles/Blinky.dir/C_/Users/banna/pico/pico-sdk/src/rp2_common/pico_float/float_init_rom_rp2040.c.obj
 .debug_ranges  0x00007d30       0x48 CMakeFiles/Blinky.dir/C_/Users/banna/pico/pico-sdk/src/rp2_common/pico_float/float_v1_rom_shim_rp2040.S.obj
 .debug_ranges  0x00007d78       0x30 CMakeFiles/Blinky.dir/C_/Users/banna/pico/pico-sdk/src/rp2_common/pico_mem_ops/mem_ops_aeabi.S.obj
 .debug_ranges  0x00007da8      0x500 CMakeFiles/Blinky.dir/C_/Users/banna/pico/pico-sdk/src/rp2_common/pico_printf/printf.c.obj
 .debug_ranges  0x000082a8       0x20 CMakeFiles/Blinky.dir/C_/Users/banna/pico/pico-sdk/src/rp2_common/pico_crt0/crt0.S.obj
 .debug_ranges  0x000082c8      0x120 CMakeFiles/Blinky.dir/C_/Users/banna/pico/pico-sdk/src/rp2_common/pico_clib_interface/newlib_interface.c.obj
 .debug_ranges  0x000083e8      0x8d0 CMakeFiles/Blinky.dir/C_/Users/banna/pico/pico-sdk/src/rp2_common/pico_stdio/stdio.c.obj
 .debug_ranges  0x00008cb8      0x4c0 CMakeFiles/Blinky.dir/C_/Users/banna/pico/pico-sdk/src/rp2_common/pico_stdio_uart/stdio_uart.c.obj

.debug_line     0x00000000    0x15f74
 .debug_line    0x00000000      0x496 CMakeFiles/Blinky.dir/blinky.c.obj
 .debug_line    0x00000496     0x1ca2 CMakeFiles/Blinky.dir/C_/Users/banna/pico/pico-sdk/src/rp2_common/hardware_gpio/gpio.c.obj
 .debug_line    0x00002138      0x254 CMakeFiles/Blinky.dir/C_/Users/banna/pico/pico-sdk/src/rp2_common/pico_platform_panic/panic.c.obj
 .debug_line    0x0000238c      0x8fa CMakeFiles/Blinky.dir/C_/Users/banna/pico/pico-sdk/src/common/hardware_claim/claim.c.obj
 .debug_line    0x00002c86      0x49d CMakeFiles/Blinky.dir/C_/Users/banna/pico/pico-sdk/src/rp2_common/hardware_sync/sync.c.obj
 .debug_line    0x00003123      0x36f CMakeFiles/Blinky.dir/C_/Users/banna/pico/pico-sdk/src/rp2_common/hardware_sync_spin_lock/sync_spin_lock.c.obj
 .debug_line    0x00003492     0x1651 CMakeFiles/Blinky.dir/C_/Users/banna/pico/pico-sdk/src/rp2_common/hardware_irq/irq.c.obj
 .debug_line    0x00004ae3      0x2a3 CMakeFiles/Blinky.dir/C_/Users/banna/pico/pico-sdk/src/common/pico_sync/lock_core.c.obj
 .debug_line    0x00004d86     0x1a67 CMakeFiles/Blinky.dir/C_/Users/banna/pico/pico-sdk/src/common/pico_sync/mutex.c.obj
 .debug_line    0x000067ed     0x30b3 CMakeFiles/Blinky.dir/C_/Users/banna/pico/pico-sdk/src/common/pico_time/time.c.obj
 .debug_line    0x000098a0     0x1d06 CMakeFiles/Blinky.dir/C_/Users/banna/pico/pico-sdk/src/rp2_common/hardware_timer/timer.c.obj
 .debug_line    0x0000b5a6     0x115b CMakeFiles/Blinky.dir/C_/Users/banna/pico/pico-sdk/src/rp2_common/hardware_uart/uart.c.obj
 .debug_line    0x0000c701     0x1c51 CMakeFiles/Blinky.dir/C_/Users/banna/pico/pico-sdk/src/rp2_common/hardware_clocks/clocks.c.obj
 .debug_line    0x0000e352      0x4f5 CMakeFiles/Blinky.dir/C_/Users/banna/pico/pico-sdk/src/rp2_common/hardware_pll/pll.c.obj
 .debug_line    0x0000e847      0x2f9 CMakeFiles/Blinky.dir/C_/Users/banna/pico/pico-sdk/src/rp2_common/hardware_ticks/ticks.c.obj
 .debug_line    0x0000eb40      0x324 CMakeFiles/Blinky.dir/C_/Users/banna/pico/pico-sdk/src/rp2_common/hardware_xosc/xosc.c.obj
 .debug_line    0x0000ee64      0x2c7 CMakeFiles/Blinky.dir/C_/Users/banna/pico/pico-sdk/src/rp2_common/pico_runtime/runtime.c.obj
 .debug_line    0x0000f12b      0x4ff CMakeFiles/Blinky.dir/C_/Users/banna/pico/pico-sdk/src/rp2_common/pico_runtime_init/runtime_init.c.obj
 .debug_line    0x0000f62a      0x4fd CMakeFiles/Blinky.dir/C_/Users/banna/pico/pico-sdk/src/rp2_common/pico_runtime_init/runtime_init_clocks.c.obj
 .debug_line    0x0000fb27      0x136 CMakeFiles/Blinky.dir/C_/Users/banna/pico/pico-sdk/src/rp2_common/pico_bit_ops/bit_ops_aeabi.S.obj
 .debug_line    0x0000fc5d      0x2fb CMakeFiles/Blinky.dir/C_/Users/banna/pico/pico-sdk/src/rp2_common/pico_bootrom/bootrom.c.obj
 .debug_line    0x0000ff58      0x2db CMakeFiles/Blinky.dir/C_/Users/banna/pico/pico-sdk/src/rp2_common/pico_divider/divider_hardware.S.obj
 .debug_line    0x00010233      0x42c CMakeFiles/Blinky.dir/C_/Users/banna/pico/pico-sdk/src/rp2_common/pico_double/double_aeabi_rp2040.S.obj
 .debug_line    0x0001065f      0x39e CMakeFiles/Blinky.dir/C_/Users/banna/pico/pico-sdk/src/rp2_common/pico_double/double_init_rom_rp2040.c.obj
 .debug_line    0x000109fd      0x6a7 CMakeFiles/Blinky.dir/C_/Users/banna/pico/pico-sdk/src/rp2_common/pico_double/double_v1_rom_shim_rp2040.S.obj
 .debug_line    0x000110a4      0x3e6 CMakeFiles/Blinky.dir/C_/Users/banna/pico/pico-sdk/src/rp2_common/pico_float/float_aeabi_rp2040.S.obj
 .debug_line    0x0001148a      0x2f9 CMakeFiles/Blinky.dir/C_/Users/banna/pico/pico-sdk/src/rp2_common/pico_float/float_init_rom_rp2040.c.obj
 .debug_line    0x00011783      0x1cd CMakeFiles/Blinky.dir/C_/Users/banna/pico/pico-sdk/src/rp2_common/pico_float/float_v1_rom_shim_rp2040.S.obj
 .debug_line    0x00011950       0xc3 CMakeFiles/Blinky.dir/C_/Users/banna/pico/pico-sdk/src/rp2_common/pico_mem_ops/mem_ops_aeabi.S.obj
 .debug_line    0x00011a13      0x1cb CMakeFiles/Blinky.dir/C_/Users/banna/pico/pico-sdk/src/rp2_common/pico_standard_binary_info/standard_binary_info.c.obj
 .debug_line    0x00011bde     0x1883 CMakeFiles/Blinky.dir/C_/Users/banna/pico/pico-sdk/src/rp2_common/pico_printf/printf.c.obj
 .debug_line    0x00013461       0xc7 CMakeFiles/Blinky.dir/C_/Users/banna/pico/pico-sdk/src/rp2_common/pico_crt0/crt0.S.obj
 .debug_line    0x00013528      0x80b CMakeFiles/Blinky.dir/C_/Users/banna/pico/pico-sdk/src/rp2_common/pico_clib_interface/newlib_interface.c.obj
 .debug_line    0x00013d33     0x14e1 CMakeFiles/Blinky.dir/C_/Users/banna/pico/pico-sdk/src/rp2_common/pico_stdio/stdio.c.obj
 .debug_line    0x00015214      0xd60 CMakeFiles/Blinky.dir/C_/Users/banna/pico/pico-sdk/src/rp2_common/pico_stdio_uart/stdio_uart.c.obj

.debug_str      0x00000000     0x47a7
 .debug_str     0x00000000      0x8d3 CMakeFiles/Blinky.dir/blinky.c.obj
                                0x96c (size before relaxing)
 .debug_str     0x000008d3      0x703 CMakeFiles/Blinky.dir/C_/Users/banna/pico/pico-sdk/src/rp2_common/hardware_gpio/gpio.c.obj
                                0xc98 (size before relaxing)
 .debug_str     0x00000fd6       0x94 CMakeFiles/Blinky.dir/C_/Users/banna/pico/pico-sdk/src/rp2_common/pico_platform_panic/panic.c.obj
                                0x21d (size before relaxing)
 .debug_str     0x0000106a      0x1d1 CMakeFiles/Blinky.dir/C_/Users/banna/pico/pico-sdk/src/common/hardware_claim/claim.c.obj
                                0x3a6 (size before relaxing)
 .debug_str     0x0000123b       0xce CMakeFiles/Blinky.dir/C_/Users/banna/pico/pico-sdk/src/rp2_common/hardware_sync/sync.c.obj
                                0x34a (size before relaxing)
 .debug_str     0x00001309       0x64 CMakeFiles/Blinky.dir/C_/Users/banna/pico/pico-sdk/src/rp2_common/hardware_sync_spin_lock/sync_spin_lock.c.obj
                                0x262 (size before relaxing)
 .debug_str     0x0000136d      0x482 CMakeFiles/Blinky.dir/C_/Users/banna/pico/pico-sdk/src/rp2_common/hardware_irq/irq.c.obj
                                0xa31 (size before relaxing)
 .debug_str     0x000017ef       0x5e CMakeFiles/Blinky.dir/C_/Users/banna/pico/pico-sdk/src/common/pico_sync/lock_core.c.obj
                                0x22e (size before relaxing)
 .debug_str     0x0000184d      0x26e CMakeFiles/Blinky.dir/C_/Users/banna/pico/pico-sdk/src/common/pico_sync/mutex.c.obj
                                0x7c1 (size before relaxing)
 .debug_str     0x00001abb      0x91f CMakeFiles/Blinky.dir/C_/Users/banna/pico/pico-sdk/src/common/pico_time/time.c.obj
                               0x1166 (size before relaxing)
 .debug_str     0x000023da      0x1db CMakeFiles/Blinky.dir/C_/Users/banna/pico/pico-sdk/src/rp2_common/hardware_timer/timer.c.obj
                                0x9f6 (size before relaxing)
 .debug_str     0x000025b5      0x4e7 CMakeFiles/Blinky.dir/C_/Users/banna/pico/pico-sdk/src/rp2_common/hardware_uart/uart.c.obj
                                0xbe9 (size before relaxing)
 .debug_str     0x00002a9c      0x404 CMakeFiles/Blinky.dir/C_/Users/banna/pico/pico-sdk/src/rp2_common/hardware_clocks/clocks.c.obj
                                0x982 (size before relaxing)
 .debug_str     0x00002ea0       0x77 CMakeFiles/Blinky.dir/C_/Users/banna/pico/pico-sdk/src/rp2_common/hardware_pll/pll.c.obj
                                0x481 (size before relaxing)
 .debug_str     0x00002f17       0xcb CMakeFiles/Blinky.dir/C_/Users/banna/pico/pico-sdk/src/rp2_common/hardware_ticks/ticks.c.obj
                                0x2b0 (size before relaxing)
 .debug_str     0x00002fe2       0x77 CMakeFiles/Blinky.dir/C_/Users/banna/pico/pico-sdk/src/rp2_common/hardware_xosc/xosc.c.obj
                                0x265 (size before relaxing)
 .debug_str     0x00003059       0xec CMakeFiles/Blinky.dir/C_/Users/banna/pico/pico-sdk/src/rp2_common/pico_runtime/runtime.c.obj
                                0x2b0 (size before relaxing)
 .debug_str     0x00003145      0x2ad CMakeFiles/Blinky.dir/C_/Users/banna/pico/pico-sdk/src/rp2_common/pico_runtime_init/runtime_init.c.obj
                                0x795 (size before relaxing)
 .debug_str     0x000033f2       0x64 CMakeFiles/Blinky.dir/C_/Users/banna/pico/pico-sdk/src/rp2_common/pico_runtime_init/runtime_init_clocks.c.obj
                                0x48c (size before relaxing)
 .debug_str     0x00003456       0x57 CMakeFiles/Blinky.dir/C_/Users/banna/pico/pico-sdk/src/rp2_common/pico_bit_ops/bit_ops_aeabi.S.obj
                                 0xa3 (size before relaxing)
 .debug_str     0x000034ad      0x121 CMakeFiles/Blinky.dir/C_/Users/banna/pico/pico-sdk/src/rp2_common/pico_bootrom/bootrom.c.obj
                                0x2f1 (size before relaxing)
 .debug_str     0x000035ce       0x4c CMakeFiles/Blinky.dir/C_/Users/banna/pico/pico-sdk/src/rp2_common/pico_divider/divider_hardware.S.obj
                                 0xa6 (size before relaxing)
 .debug_str     0x0000361a       0x4e CMakeFiles/Blinky.dir/C_/Users/banna/pico/pico-sdk/src/rp2_common/pico_double/double_aeabi_rp2040.S.obj
                                 0xa8 (size before relaxing)
 .debug_str     0x00003668       0xbd CMakeFiles/Blinky.dir/C_/Users/banna/pico/pico-sdk/src/rp2_common/pico_double/double_init_rom_rp2040.c.obj
                                0x2b8 (size before relaxing)
 .debug_str     0x00003725       0x54 CMakeFiles/Blinky.dir/C_/Users/banna/pico/pico-sdk/src/rp2_common/pico_double/double_v1_rom_shim_rp2040.S.obj
                                 0xae (size before relaxing)
 .debug_str     0x00003779       0x4c CMakeFiles/Blinky.dir/C_/Users/banna/pico/pico-sdk/src/rp2_common/pico_float/float_aeabi_rp2040.S.obj
                                 0xa6 (size before relaxing)
 .debug_str     0x000037c5       0x94 CMakeFiles/Blinky.dir/C_/Users/banna/pico/pico-sdk/src/rp2_common/pico_float/float_init_rom_rp2040.c.obj
                                0x2bd (size before relaxing)
 .debug_str     0x00003859       0x52 CMakeFiles/Blinky.dir/C_/Users/banna/pico/pico-sdk/src/rp2_common/pico_float/float_v1_rom_shim_rp2040.S.obj
                                 0xac (size before relaxing)
 .debug_str     0x000038ab       0x49 CMakeFiles/Blinky.dir/C_/Users/banna/pico/pico-sdk/src/rp2_common/pico_mem_ops/mem_ops_aeabi.S.obj
                                 0xa3 (size before relaxing)
 .debug_str     0x000038f4      0x21c CMakeFiles/Blinky.dir/C_/Users/banna/pico/pico-sdk/src/rp2_common/pico_standard_binary_info/standard_binary_info.c.obj
                                0x3ea (size before relaxing)
 .debug_str     0x00003b10      0x28c CMakeFiles/Blinky.dir/C_/Users/banna/pico/pico-sdk/src/rp2_common/pico_printf/printf.c.obj
                                0x507 (size before relaxing)
 .debug_str     0x00003d9c       0x3d CMakeFiles/Blinky.dir/C_/Users/banna/pico/pico-sdk/src/rp2_common/pico_crt0/crt0.S.obj
                                 0x97 (size before relaxing)
 .debug_str     0x00003dd9      0x302 CMakeFiles/Blinky.dir/C_/Users/banna/pico/pico-sdk/src/rp2_common/pico_clib_interface/newlib_interface.c.obj
                                0x743 (size before relaxing)
 .debug_str     0x000040db      0x2dc CMakeFiles/Blinky.dir/C_/Users/banna/pico/pico-sdk/src/rp2_common/pico_stdio/stdio.c.obj
                                0xd97 (size before relaxing)
 .debug_str     0x000043b7      0x3f0 CMakeFiles/Blinky.dir/C_/Users/banna/pico/pico-sdk/src/rp2_common/pico_stdio_uart/stdio_uart.c.obj
                                0xef7 (size before relaxing)

.debug_frame    0x00000000     0x1b94
 .debug_frame   0x00000000       0x48 CMakeFiles/Blinky.dir/blinky.c.obj
 .debug_frame   0x00000048      0x330 CMakeFiles/Blinky.dir/C_/Users/banna/pico/pico-sdk/src/rp2_common/hardware_gpio/gpio.c.obj
 .debug_frame   0x00000378       0x44 CMakeFiles/Blinky.dir/C_/Users/banna/pico/pico-sdk/src/rp2_common/pico_platform_panic/panic.c.obj
 .debug_frame   0x000003bc       0xa0 CMakeFiles/Blinky.dir/C_/Users/banna/pico/pico-sdk/src/common/hardware_claim/claim.c.obj
 .debug_frame   0x0000045c       0xa4 CMakeFiles/Blinky.dir/C_/Users/banna/pico/pico-sdk/src/rp2_common/hardware_sync/sync.c.obj
 .debug_frame   0x00000500       0x30 CMakeFiles/Blinky.dir/C_/Users/banna/pico/pico-sdk/src/rp2_common/hardware_sync_spin_lock/sync_spin_lock.c.obj
 .debug_frame   0x00000530      0x1b8 CMakeFiles/Blinky.dir/C_/Users/banna/pico/pico-sdk/src/rp2_common/hardware_irq/irq.c.obj
 .debug_frame   0x000006e8       0x20 CMakeFiles/Blinky.dir/C_/Users/banna/pico/pico-sdk/src/common/pico_sync/lock_core.c.obj